#
# There is insufficient memory for the Java Runtime Environment to continue.
# Native memory allocation (mmap) failed to map 65536 bytes. Error detail: Failed to commit metaspace.
# Possible reasons:
#   The system is out of physical RAM or swap space
#   This process is running with CompressedOops enabled, and the Java Heap may be blocking the growth of the native heap
# Possible solutions:
#   Reduce memory load on the system
#   Increase physical memory or swap space
#   Check if swap backing store is full
#   Decrease Java heap size (-Xmx/-Xms)
#   Decrease number of Java threads
#   Decrease Java thread stack sizes (-Xss)
#   Set larger code cache with -XX:ReservedCodeCacheSize=
#   JVM is running with Zero Based Compressed Oops mode in which the Java heap is
#     placed in the first 32GB address space. The Java Heap base address is the
#     maximum limit for the native heap growth. Please use -XX:HeapBaseMinAddress
#     to set the Java Heap base and to place the Java Heap above 32GB virtual address.
# This output file may be truncated or incomplete.
#
#  Out of Memory Error (virtualSpaceNode.cpp:110), pid=27880, tid=24956
#
# JRE version: OpenJDK Runtime Environment Temurin-17.0.19+10 (17.0.19+10) (build 17.0.19+10)
# Java VM: OpenJDK 64-Bit Server VM Temurin-17.0.19+10 (17.0.19+10, mixed mode, emulated-client, sharing, tiered, compressed oops, compressed class ptrs, g1 gc, windows-amd64)
# No core dump will be written. Minidumps are not enabled by default on client versions of Windows
#

---------------  S U M M A R Y ------------

Command Line: --add-opens=java.base/java.lang=ALL-UNNAMED --add-opens=java.base/java.lang.invoke=ALL-UNNAMED --add-opens=java.base/java.util=ALL-UNNAMED --add-opens=java.prefs/java.util.prefs=ALL-UNNAMED --add-exports=jdk.compiler/com.sun.tools.javac.api=ALL-UNNAMED --add-exports=jdk.compiler/com.sun.tools.javac.util=ALL-UNNAMED --add-opens=java.base/java.util=ALL-UNNAMED --add-opens=java.prefs/java.util.prefs=ALL-UNNAMED --add-opens=java.base/java.nio.charset=ALL-UNNAMED --add-opens=java.base/java.net=ALL-UNNAMED --add-opens=java.base/java.util.concurrent=ALL-UNNAMED --add-opens=java.base/java.util.concurrent.atomic=ALL-UNNAMED --add-opens=java.xml/javax.xml.namespace=ALL-UNNAMED --add-opens=java.base/java.time=ALL-UNNAMED -XX:MaxMetaspaceSize=1024m -XX:ReservedCodeCacheSize=256m -XX:ActiveProcessorCount=2 -XX:CICompilerCount=2 -XX:TieredStopAtLevel=1 -Xss1m -Xmx6144m -Dfile.encoding=UTF-8 -Duser.country=US -Duser.language=en -Duser.variant -javaagent:C:\Users\DELL\.gradle\wrapper\dists\gradle-9.3.1-bin\23ovyewtku6u96viwx3xl3oks\gradle-9.3.1\lib\agents\gradle-instrumentation-agent-9.3.1.jar org.gradle.launcher.daemon.bootstrap.GradleDaemon 9.3.1

Host: AMD Ryzen 5 5625U with Radeon Graphics         , 12 cores, 11G,  Windows 11 , 64 bit Build 26100 (10.0.26100.9549)
Time: Fri Oct  2 21:44:27 2026 India Standard Time elapsed time: 249.753104 seconds (0d 0h 4m 9s)

---------------  T H R E A D  ---------------

Current thread (0x000002543ba7ee80):  JavaThread "Daemon worker" [_thread_in_vm, id=24956, stack(0x000000f054d00000,0x000000f054e00000)]

Stack: [0x000000f054d00000,0x000000f054e00000]
Native frames: (J=compiled Java code, j=interpreted, Vv=VM code, C=native code)
V  [jvm.dll+0x684b29]
V  [jvm.dll+0x83a2d5]
V  [jvm.dll+0x83bd4e]
V  [jvm.dll+0x83c3d3]
V  [jvm.dll+0x24905f]
V  [jvm.dll+0x8360bd]
V  [jvm.dll+0x62941d]
V  [jvm.dll+0x62948a]
V  [jvm.dll+0x62bcc3]
V  [jvm.dll+0x629dd6]
V  [jvm.dll+0x23e154]
V  [jvm.dll+0x1eb03f]
V  [jvm.dll+0x1e09a1]
V  [jvm.dll+0x5482c9]
V  [jvm.dll+0x1f188e]
V  [jvm.dll+0x7b436f]
V  [jvm.dll+0x7b57bd]
V  [jvm.dll+0x7b5b08]
V  [jvm.dll+0x240a7d]
V  [jvm.dll+0x240cbf]
V  [jvm.dll+0x566898]
V  [jvm.dll+0x5697ae]
V  [jvm.dll+0x388aa2]
V  [jvm.dll+0x38814c]
C  0x00000254610290e3

The last pc belongs to invokestatic (printed below).
Java frames: (J=compiled Java code, j=interpreted, Vv=VM code)
j  java.lang.StackTraceElement.isHashedInJavaBase(Ljava/lang/Module;)Z+19 java.base@17.0.19
j  java.lang.StackTraceElement.computeFormat()V+33 java.base@17.0.19
j  java.lang.StackTraceElement.of(Ljava/lang/Throwable;I)[Ljava/lang/StackTraceElement;+57 java.base@17.0.19
j  java.lang.Throwable.getOurStackTrace()[Ljava/lang/StackTraceElement;+30 java.base@17.0.19
j  java.lang.Throwable.getStackTrace()[Ljava/lang/StackTraceElement;+1 java.base@17.0.19
j  org.gradle.internal.problems.DefaultProblemDiagnosticsFactory.locationFromStackTrace(Ljava/lang/Throwable;ZZLorg/gradle/problems/buildtree/ProblemStream$StackTraceTransformer;)Lorg/gradle/problems/ProblemDiagnostics;+42
j  org.gradle.internal.problems.DefaultProblemDiagnosticsFactory.forException(Ljava/lang/Throwable;)Lorg/gradle/problems/ProblemDiagnostics;+7
j  org.gradle.initialization.exception.DefaultExceptionAnalyser.transform(Ljava/lang/Throwable;)Ljava/lang/Throwable;+73
j  org.gradle.initialization.exception.DefaultExceptionAnalyser.collectFailures(Ljava/lang/Throwable;Ljava/util/Collection;)V+154
j  org.gradle.initialization.exception.MultipleBuildFailuresExceptionAnalyser.transform(Ljava/util/List;)Ljava/lang/RuntimeException;+122
j  org.gradle.initialization.exception.StackTraceSanitizingExceptionAnalyser.transform(Ljava/util/List;)Ljava/lang/RuntimeException;+5
j  org.gradle.internal.buildtree.DefaultBuildTreeFinishExecutor.finishBuildTree(Ljava/util/List;)Ljava/lang/RuntimeException;+29
j  org.gradle.composite.internal.OperationFiringBuildTreeFinishExecutor$1.call(Lorg/gradle/internal/operations/BuildOperationContext;)Ljava/lang/RuntimeException;+11
j  org.gradle.composite.internal.OperationFiringBuildTreeFinishExecutor$1.call(Lorg/gradle/internal/operations/BuildOperationContext;)Ljava/lang/Object;+2
j  org.gradle.internal.operations.DefaultBuildOperationRunner$CallableBuildOperationWorker.execute(Lorg/gradle/internal/operations/CallableBuildOperation;Lorg/gradle/internal/operations/BuildOperationContext;)V+3
j  org.gradle.internal.operations.DefaultBuildOperationRunner$CallableBuildOperationWorker.execute(Lorg/gradle/internal/operations/BuildOperation;Lorg/gradle/internal/operations/BuildOperationContext;)V+6
j  org.gradle.internal.operations.DefaultBuildOperationRunner$2.execute(Lorg/gradle/internal/operations/BuildOperationDescriptor;Lorg/gradle/internal/operations/BuildOperationState;Lorg/gradle/internal/operations/BuildOperationState;Lorg/gradle/internal/operations/DefaultBuildOperationRunner$ReadableBuildOperationContext;Lorg/gradle/internal/operations/DefaultBuildOperationRunner$BuildOperationExecutionListener;)Lorg/gradle/internal/operations/BuildOperation;+22
j  org.gradle.internal.operations.DefaultBuildOperationRunner$2.execute(Lorg/gradle/internal/operations/BuildOperationDescriptor;Lorg/gradle/internal/operations/BuildOperationState;Lorg/gradle/internal/operations/BuildOperationState;Lorg/gradle/internal/operations/DefaultBuildOperationRunner$ReadableBuildOperationContext;Lorg/gradle/internal/operations/DefaultBuildOperationRunner$BuildOperationExecutionListener;)Ljava/lang/Object;+8
j  org.gradle.internal.operations.DefaultBuildOperationRunner.execute(Lorg/gradle/internal/operations/BuildOperationDescriptor$Builder;Lorg/gradle/internal/operations/DefaultBuildOperationRunner$BuildOperationExecution;)Ljava/lang/Object;+141
j  org.gradle.internal.operations.DefaultBuildOperationRunner.execute(Lorg/gradle/internal/operations/BuildOperation;Lorg/gradle/internal/operations/BuildOperationWorker;)V+17
j  org.gradle.internal.operations.DefaultBuildOperationRunner.call(Lorg/gradle/internal/operations/CallableBuildOperation;)Ljava/lang/Object;+12
j  org.gradle.composite.internal.OperationFiringBuildTreeFinishExecutor.finishBuildTree(Ljava/util/List;)Ljava/lang/RuntimeException;+13
j  org.gradle.internal.buildtree.DefaultBuildTreeLifecycleController.lambda$runBuild$4(Ljava/util/function/Supplier;)Ljava/lang/Object;+27
j  org.gradle.internal.buildtree.DefaultBuildTreeLifecycleController$$Lambda$322+0x000002540336cf38.get()Ljava/lang/Object;+8
j  org.gradle.internal.model.StateTransitionController.lambda$transition$6(Ljava/util/function/Supplier;)Lorg/gradle/internal/build/ExecutionResult;+1
j  org.gradle.internal.model.StateTransitionController$$Lambda$324+0x000002540336d378.get()Ljava/lang/Object;+4
j  org.gradle.internal.model.StateTransitionController.doTransition(Lorg/gradle/internal/model/StateTransitionController$State;Lorg/gradle/internal/model/StateTransitionController$State;Ljava/util/function/Supplier;)Lorg/gradle/internal/build/ExecutionResult;+24
j  org.gradle.internal.model.StateTransitionController.lambda$transition$7(Lorg/gradle/internal/model/StateTransitionController$State;Lorg/gradle/internal/model/StateTransitionController$State;Ljava/util/function/Supplier;)Ljava/lang/Object;+9
j  org.gradle.internal.model.StateTransitionController$$Lambda$323+0x000002540336d158.create()Ljava/lang/Object;+16
j  org.gradle.internal.work.DefaultSynchronizer.withLock(Lorg/gradle/internal/Factory;)Ljava/lang/Object;+6
j  org.gradle.internal.model.StateTransitionController.transition(Lorg/gradle/internal/model/StateTransitionController$State;Lorg/gradle/internal/model/StateTransitionController$State;Ljava/util/function/Supplier;)Ljava/lang/Object;+13
j  org.gradle.internal.buildtree.DefaultBuildTreeLifecycleController.runBuild(Ljava/util/function/Supplier;)Ljava/lang/Object;+17
j  org.gradle.internal.buildtree.DefaultBuildTreeLifecycleController.scheduleAndRunTasks(Lorg/gradle/execution/EntryTaskSelector;)V+8
j  org.gradle.internal.buildtree.DefaultBuildTreeLifecycleController.scheduleAndRunTasks()V+2
j  org.gradle.tooling.internal.provider.runner.BuildModelActionRunner.run(Lorg/gradle/internal/invocation/BuildAction;Lorg/gradle/internal/buildtree/BuildTreeLifecycleController;)Lorg/gradle/internal/buildtree/BuildActionRunner$Result;+65
j  org.gradle.launcher.exec.ChainingBuildActionRunner.run(Lorg/gradle/internal/invocation/BuildAction;Lorg/gradle/internal/buildtree/BuildTreeLifecycleController;)Lorg/gradle/internal/buildtree/BuildActionRunner$Result;+34
j  org.gradle.internal.buildtree.ProblemReportingBuildActionRunner.run(Lorg/gradle/internal/invocation/BuildAction;Lorg/gradle/internal/buildtree/BuildTreeLifecycleController;)Lorg/gradle/internal/buildtree/BuildActionRunner$Result;+12
j  org.gradle.launcher.exec.BuildOutcomeReportingBuildActionRunner.run(Lorg/gradle/internal/invocation/BuildAction;Lorg/gradle/internal/buildtree/BuildTreeLifecycleController;)Lorg/gradle/internal/buildtree/BuildActionRunner$Result;+69
j  org.gradle.tooling.internal.provider.FileSystemWatchingBuildActionRunner.run(Lorg/gradle/internal/invocation/BuildAction;Lorg/gradle/internal/buildtree/BuildTreeLifecycleController;)Lorg/gradle/internal/buildtree/BuildActionRunner$Result;+317
j  org.gradle.launcher.exec.BuildCompletionNotifyingBuildActionRunner.run(Lorg/gradle/internal/invocation/BuildAction;Lorg/gradle/internal/buildtree/BuildTreeLifecycleController;)Lorg/gradle/internal/buildtree/BuildActionRunner$Result;+6
j  org.gradle.launcher.exec.RootBuildLifecycleBuildActionExecutor.lambda$execute$0(Lorg/gradle/internal/invocation/BuildAction;Lorg/gradle/internal/buildtree/BuildTreeLifecycleController;)Lorg/gradle/internal/buildtree/BuildActionRunner$Result;+6
j  org.gradle.launcher.exec.RootBuildLifecycleBuildActionExecutor$$Lambda$314+0x000002540335e898.apply(Ljava/lang/Object;)Ljava/lang/Object;+12
j  org.gradle.composite.internal.DefaultRootBuildState.run(Ljava/util/function/Function;)Ljava/lang/Object;+92
j  org.gradle.launcher.exec.RootBuildLifecycleBuildActionExecutor.execute(Lorg/gradle/internal/invocation/BuildAction;)Lorg/gradle/internal/buildtree/BuildActionRunner$Result;+91
j  org.gradle.launcher.exec.BuildTreeLifecycleBuildActionExecutor.runRootBuildAction(Lorg/gradle/internal/invocation/BuildAction;Lorg/gradle/internal/service/ServiceRegistry;Lorg/gradle/internal/buildtree/BuildTreeModelControllerServices$Supplier;)Lorg/gradle/internal/buildtree/BuildActionRunner$Result;+39
j  org.gradle.launcher.exec.BuildTreeLifecycleBuildActionExecutor.execute(Lorg/gradle/internal/invocation/BuildAction;Lorg/gradle/internal/session/BuildSessionContext;)Lorg/gradle/internal/buildtree/BuildActionRunner$Result;+44
j  org.gradle.launcher.exec.RunAsBuildOperationBuildActionExecutor$2.call(Lorg/gradle/internal/operations/BuildOperationContext;)Lorg/gradle/internal/buildtree/BuildActionRunner$Result;+25
j  org.gradle.launcher.exec.RunAsBuildOperationBuildActionExecutor$2.call(Lorg/gradle/internal/operations/BuildOperationContext;)Ljava/lang/Object;+2
j  org.gradle.internal.operations.DefaultBuildOperationRunner$CallableBuildOperationWorker.execute(Lorg/gradle/internal/operations/CallableBuildOperation;Lorg/gradle/internal/operations/BuildOperationContext;)V+3
j  org.gradle.internal.operations.DefaultBuildOperationRunner$CallableBuildOperationWorker.execute(Lorg/gradle/internal/operations/BuildOperation;Lorg/gradle/internal/operations/BuildOperationContext;)V+6
j  org.gradle.internal.operations.DefaultBuildOperationRunner$2.execute(Lorg/gradle/internal/operations/BuildOperationDescriptor;Lorg/gradle/internal/operations/BuildOperationState;Lorg/gradle/internal/operations/BuildOperationState;Lorg/gradle/internal/operations/DefaultBuildOperationRunner$ReadableBuildOperationContext;Lorg/gradle/internal/operations/DefaultBuildOperationRunner$BuildOperationExecutionListener;)Lorg/gradle/internal/operations/BuildOperation;+22
j  org.gradle.internal.operations.DefaultBuildOperationRunner$2.execute(Lorg/gradle/internal/operations/BuildOperationDescriptor;Lorg/gradle/internal/operations/BuildOperationState;Lorg/gradle/internal/operations/BuildOperationState;Lorg/gradle/internal/operations/DefaultBuildOperationRunner$ReadableBuildOperationContext;Lorg/gradle/internal/operations/DefaultBuildOperationRunner$BuildOperationExecutionListener;)Ljava/lang/Object;+8
j  org.gradle.internal.operations.DefaultBuildOperationRunner.execute(Lorg/gradle/internal/operations/BuildOperationDescriptor$Builder;Lorg/gradle/internal/operations/DefaultBuildOperationRunner$BuildOperationExecution;)Ljava/lang/Object;+141
j  org.gradle.internal.operations.DefaultBuildOperationRunner.execute(Lorg/gradle/internal/operations/BuildOperation;Lorg/gradle/internal/operations/BuildOperationWorker;)V+17
j  org.gradle.internal.operations.DefaultBuildOperationRunner.call(Lorg/gradle/internal/operations/CallableBuildOperation;)Ljava/lang/Object;+12
j  org.gradle.launcher.exec.RunAsBuildOperationBuildActionExecutor.execute(Lorg/gradle/internal/invocation/BuildAction;Lorg/gradle/internal/session/BuildSessionContext;)Lorg/gradle/internal/buildtree/BuildActionRunner$Result;+23
j  org.gradle.launcher.exec.RunAsWorkerThreadBuildActionExecutor.lambda$execute$0(Lorg/gradle/internal/invocation/BuildAction;Lorg/gradle/internal/session/BuildSessionContext;)Lorg/gradle/internal/buildtree/BuildActionRunner$Result;+6
j  org.gradle.launcher.exec.RunAsWorkerThreadBuildActionExecutor$$Lambda$210+0x0000025403246a88.create()Ljava/lang/Object;+12
j  org.gradle.internal.work.DefaultWorkerLeaseService.lambda$withLocksAcquired$0(Lorg/gradle/internal/Factory;Ljava/util/Collection;)Ljava/lang/Object;+1
j  org.gradle.internal.work.DefaultWorkerLeaseService$$Lambda$212+0x0000025403248640.create()Ljava/lang/Object;+12
j  org.gradle.internal.work.ResourceLockStatistics$1.measure(Ljava/lang/String;Ljava/lang/Iterable;Lorg/gradle/internal/Factory;)Ljava/lang/Object;+1
j  org.gradle.internal.work.DefaultWorkerLeaseService.withLocksAcquired(Ljava/util/Collection;Lorg/gradle/internal/Factory;)Ljava/lang/Object;+21
j  org.gradle.internal.work.DefaultWorkerLeaseService.withLocks(Ljava/util/Collection;Lorg/gradle/internal/Factory;)Ljava/lang/Object;+25
j  org.gradle.internal.work.DefaultWorkerLeaseService.runAsWorkerThread(Lorg/gradle/internal/Factory;)Ljava/lang/Object;+33
j  org.gradle.launcher.exec.RunAsWorkerThreadBuildActionExecutor.execute(Lorg/gradle/internal/invocation/BuildAction;Lorg/gradle/internal/session/BuildSessionContext;)Lorg/gradle/internal/buildtree/BuildActionRunner$Result;+12
j  org.gradle.tooling.internal.provider.continuous.ContinuousBuildActionExecutor.execute(Lorg/gradle/internal/invocation/BuildAction;Lorg/gradle/internal/session/BuildSessionContext;)Lorg/gradle/internal/buildtree/BuildActionRunner$Result;+58
j  org.gradle.tooling.internal.provider.SubscribableBuildActionExecutor.execute(Lorg/gradle/internal/invocation/BuildAction;Lorg/gradle/internal/session/BuildSessionContext;)Lorg/gradle/internal/buildtree/BuildActionRunner$Result;+30
j  org.gradle.internal.session.DefaultBuildSessionContext.execute(Lorg/gradle/internal/invocation/BuildAction;)Lorg/gradle/internal/buildtree/BuildActionRunner$Result;+64
j  org.gradle.internal.buildprocess.execution.BuildSessionLifecycleBuildActionExecutor$ActionImpl.apply(Lorg/gradle/internal/session/BuildSessionContext;)Lorg/gradle/launcher/exec/BuildActionResult;+6
j  org.gradle.internal.buildprocess.execution.BuildSessionLifecycleBuildActionExecutor$ActionImpl.apply(Ljava/lang/Object;)Ljava/lang/Object;+5
j  org.gradle.internal.session.BuildSessionState.run(Ljava/util/function/Function;)Ljava/lang/Object;+5
j  org.gradle.internal.buildprocess.execution.BuildSessionLifecycleBuildActionExecutor.execute(Lorg/gradle/internal/invocation/BuildAction;Lorg/gradle/launcher/exec/BuildActionParameters;Lorg/gradle/initialization/BuildRequestContext;)Lorg/gradle/launcher/exec/BuildActionResult;+105
j  org.gradle.internal.buildprocess.execution.BuildSessionLifecycleBuildActionExecutor.execute(Lorg/gradle/internal/invocation/BuildAction;Ljava/lang/Object;Ljava/lang/Object;)Lorg/gradle/launcher/exec/BuildActionResult;+10
j  org.gradle.internal.buildprocess.execution.StartParamsValidatingActionExecutor.execute(Lorg/gradle/internal/invocation/BuildAction;Lorg/gradle/launcher/exec/BuildActionParameters;Lorg/gradle/initialization/BuildRequestContext;)Lorg/gradle/launcher/exec/BuildActionResult;+142
j  org.gradle.internal.buildprocess.execution.StartParamsValidatingActionExecutor.execute(Lorg/gradle/internal/invocation/BuildAction;Ljava/lang/Object;Ljava/lang/Object;)Lorg/gradle/launcher/exec/BuildActionResult;+10
j  org.gradle.internal.buildprocess.execution.SessionFailureReportingActionExecutor.execute(Lorg/gradle/internal/invocation/BuildAction;Lorg/gradle/launcher/exec/BuildActionParameters;Lorg/gradle/initialization/BuildRequestContext;)Lorg/gradle/launcher/exec/BuildActionResult;+7
j  org.gradle.internal.buildprocess.execution.SessionFailureReportingActionExecutor.execute(Lorg/gradle/internal/invocation/BuildAction;Ljava/lang/Object;Ljava/lang/Object;)Lorg/gradle/launcher/exec/BuildActionResult;+10
j  org.gradle.internal.buildprocess.execution.SetupLoggingActionExecutor.execute(Lorg/gradle/internal/invocation/BuildAction;Lorg/gradle/launcher/exec/BuildActionParameters;Lorg/gradle/initialization/BuildRequestContext;)Lorg/gradle/launcher/exec/BuildActionResult;+50
j  org.gradle.internal.buildprocess.execution.SetupLoggingActionExecutor.execute(Lorg/gradle/internal/invocation/BuildAction;Ljava/lang/Object;Ljava/lang/Object;)Lorg/gradle/launcher/exec/BuildActionResult;+10
j  org.gradle.launcher.daemon.server.exec.ExecuteBuild.doBuild(Lorg/gradle/launcher/daemon/server/api/DaemonCommandExecution;Lorg/gradle/launcher/daemon/protocol/Build;)V+147
j  org.gradle.launcher.daemon.server.exec.BuildCommandOnly.execute(Lorg/gradle/launcher/daemon/server/api/DaemonCommandExecution;)V+49
j  org.gradle.launcher.daemon.server.api.DaemonCommandExecution.proceed()Z+23
j  org.gradle.launcher.daemon.server.exec.WatchForDisconnection.execute(Lorg/gradle/launcher/daemon/server/api/DaemonCommandExecution;)V+19
j  org.gradle.launcher.daemon.server.api.DaemonCommandExecution.proceed()Z+23
j  org.gradle.launcher.daemon.server.exec.ResetDeprecationLogger.execute(Lorg/gradle/launcher/daemon/server/api/DaemonCommandExecution;)V+7
j  org.gradle.launcher.daemon.server.api.DaemonCommandExecution.proceed()Z+23
j  org.gradle.launcher.daemon.server.exec.RequestStopIfSingleUsedDaemon.execute(Lorg/gradle/launcher/daemon/server/api/DaemonCommandExecution;)V+33
j  org.gradle.launcher.daemon.server.api.DaemonCommandExecution.proceed()Z+23
j  org.gradle.launcher.daemon.server.exec.ForwardClientInput.lambda$execute$0(Lorg/gradle/launcher/daemon/server/api/DaemonCommandExecution;Lorg/gradle/internal/daemon/clientinput/StdinHandler;)Ljava/lang/Object;+11
j  org.gradle.launcher.daemon.server.exec.ForwardClientInput$$Lambda$116+0x000002540313af70.apply(Ljava/lang/Object;)Ljava/lang/Object;+8
j  org.gradle.internal.daemon.clientinput.ClientInputForwarder.forwardInput(Ljava/util/function/Function;)Ljava/lang/Object;+46
j  org.gradle.launcher.daemon.server.exec.ForwardClientInput.execute(Lorg/gradle/launcher/daemon/server/api/DaemonCommandExecution;)V+10
j  org.gradle.launcher.daemon.server.api.DaemonCommandExecution.proceed()Z+23
j  org.gradle.launcher.daemon.server.exec.LogAndCheckHealth.execute(Lorg/gradle/launcher/daemon/server/api/DaemonCommandExecution;)V+51
j  org.gradle.launcher.daemon.server.api.DaemonCommandExecution.proceed()Z+23
j  org.gradle.launcher.daemon.server.exec.LogToClient.doBuild(Lorg/gradle/launcher/daemon/server/api/DaemonCommandExecution;Lorg/gradle/launcher/daemon/protocol/Build;)V+87
j  org.gradle.launcher.daemon.server.exec.BuildCommandOnly.execute(Lorg/gradle/launcher/daemon/server/api/DaemonCommandExecution;)V+49
j  org.gradle.launcher.daemon.server.api.DaemonCommandExecution.proceed()Z+23
j  org.gradle.launcher.daemon.server.exec.EstablishBuildEnvironment.doBuild(Lorg/gradle/launcher/daemon/server/api/DaemonCommandExecution;Lorg/gradle/launcher/daemon/protocol/Build;)V+356
j  org.gradle.launcher.daemon.server.exec.BuildCommandOnly.execute(Lorg/gradle/launcher/daemon/server/api/DaemonCommandExecution;)V+49
j  org.gradle.launcher.daemon.server.api.DaemonCommandExecution.proceed()Z+23
j  org.gradle.launcher.daemon.server.exec.StartBuildOrRespondWithBusy$1.run()V+44
j  org.gradle.launcher.daemon.server.DaemonStateCoordinator.lambda$runCommand$0(Ljava/lang/Runnable;)V+1
j  org.gradle.launcher.daemon.server.DaemonStateCoordinator$$Lambda$115+0x0000025403139bd8.run()V+8
j  org.gradle.internal.concurrent.ExecutorPolicy$CatchAndRecordFailures.onExecute(Ljava/lang/Runnable;)V+1
j  org.gradle.internal.concurrent.AbstractManagedExecutor$1.run()V+25
j  java.util.concurrent.ThreadPoolExecutor.runWorker(Ljava/util/concurrent/ThreadPoolExecutor$Worker;)V+92 java.base@17.0.19
j  java.util.concurrent.ThreadPoolExecutor$Worker.run()V+5 java.base@17.0.19
j  java.lang.Thread.run()V+11 java.base@17.0.19
v  ~StubRoutines::call_stub
invokestatic  184 invokestatic  [0x0000025461029040, 0x00000254610291a0]  352 bytes
[MachCode]
  0x0000025461029040: 4883 ec08 | c5fa 1104 | 24eb 1f48 | 83ec 10c5 | fb11 0424 | eb14 4883 | ec10 4889 | 0424 48c7 
  0x0000025461029060: 4424 0800 | 0000 00eb | 0150 4c89 | 6dc0 410f | b755 0148 | 8b4d d0c1 | e202 8b5c | d120 c1eb 
  0x0000025461029080: 1081 e3ff | 0000 0081 | fbb8 0000 | 000f 84b6 | 0000 00bb | b800 0000 | e805 0000 | 00e9 9b00 
  0x00000254610290a0: 0000 488b | d348 8d44 | 2408 4c89 | 6dc0 498b | cfc5 f877 | 4989 afa8 | 0200 0049 | 8987 9802 
  0x00000254610290c0: 0000 4883 | ec20 f7c4 | 0f00 0000 | 0f84 1a00 | 0000 4883 | ec08 49ba | e080 3256 | fd7f 0000 
  0x00000254610290e0: 41ff d248 | 83c4 08e9 | 0d00 0000 | 49ba e080 | 3256 fd7f | 0000 41ff | d248 83c4 | 2049 c787 
  0x0000025461029100: 9802 0000 | 0000 0000 | 49c7 87a8 | 0200 0000 | 0000 0049 | c787 a002 | 0000 0000 | 0000 c5f8 
  0x0000025461029120: 7749 817f | 0800 0000 | 000f 8405 | 0000 00e9 | cc7d feff | 4c8b 6dc0 | 4c8b 75c8 | c341 0fb7 
  0x0000025461029140: 5501 488b | 4dd0 c1e2 | 0248 8b5c | d128 488b | 5b08 488b | 5b08 488b | 5b18 80bb | 3301 0000 
  0x0000025461029160: 040f 840d | 0000 004c | 3bbb 3801 | 0000 0f85 | 1fff ffff | 488b 5cd1 | 288b 54d1 | 38c1 ea1c 
  0x0000025461029180: 49ba 7006 | b556 fd7f | 0000 498b | 14d2 524c | 8d6c 2408 | 4c89 6df0 | ff63 500f | 1f44 0000 
[/MachCode]

---------------  P R O C E S S  ---------------

Threads class SMR info:
_java_thread_list=0x000002543c3e6f30, length=30, elements={
0x000002545948c4d0, 0x000002547f594b70, 0x000002547f597160, 0x000002547f5abbb0,
0x000002547f5ae0a0, 0x000002547f5ae580, 0x000002547f5b2a70, 0x000002547f5b2f50,
0x000002547f5b6da0, 0x000002547f69c060, 0x000002547f73e000, 0x000002543c17f8c0,
0x000002547f5e7dd0, 0x000002543b9e9a40, 0x000002547f698020, 0x000002543b79a040,
0x000002547f67a500, 0x000002543ba7ee80, 0x000002543ba807d0, 0x000002543ba7fdb0,
0x000002543ba81c10, 0x000002543ba7e460, 0x000002543ba80ce0, 0x000002543ba802c0,
0x000002543ba81700, 0x000002543ba7e970, 0x000002543ba7f390, 0x000002543ba7f8a0,
0x000002543caa43f0, 0x000002543caa2080
}

Java Threads: ( => current thread )
  0x000002545948c4d0 JavaThread "main" [_thread_blocked, id=32312, stack(0x000000f053300000,0x000000f053400000)]
  0x000002547f594b70 JavaThread "Reference Handler" daemon [_thread_blocked, id=14284, stack(0x000000f053a00000,0x000000f053b00000)]
  0x000002547f597160 JavaThread "Finalizer" daemon [_thread_blocked, id=33804, stack(0x000000f053b00000,0x000000f053c00000)]
  0x000002547f5abbb0 JavaThread "Signal Dispatcher" daemon [_thread_blocked, id=5720, stack(0x000000f053c00000,0x000000f053d00000)]
  0x000002547f5ae0a0 JavaThread "Attach Listener" daemon [_thread_blocked, id=16080, stack(0x000000f053d00000,0x000000f053e00000)]
  0x000002547f5ae580 JavaThread "Service Thread" daemon [_thread_blocked, id=8204, stack(0x000000f053e00000,0x000000f053f00000)]
  0x000002547f5b2a70 JavaThread "Monitor Deflation Thread" daemon [_thread_blocked, id=31180, stack(0x000000f053f00000,0x000000f054000000)]
  0x000002547f5b2f50 JavaThread "C1 CompilerThread0" daemon [_thread_blocked, id=29156, stack(0x000000f054000000,0x000000f054100000)]
  0x000002547f5b6da0 JavaThread "Sweeper thread" daemon [_thread_blocked, id=35408, stack(0x000000f054100000,0x000000f054200000)]
  0x000002547f69c060 JavaThread "Common-Cleaner" daemon [_thread_blocked, id=40212, stack(0x000000f054200000,0x000000f054300000)]
  0x000002547f73e000 JavaThread "Notification Thread" daemon [_thread_blocked, id=43660, stack(0x000000f054300000,0x000000f054400000)]
  0x000002543c17f8c0 JavaThread "Daemon health stats" [_thread_blocked, id=8272, stack(0x000000f054700000,0x000000f054800000)]
  0x000002547f5e7dd0 JavaThread "Incoming local TCP Connector on port 53465" [_thread_in_native, id=11488, stack(0x000000f054800000,0x000000f054900000)]
  0x000002543b9e9a40 JavaThread "Daemon periodic checks" [_thread_blocked, id=1780, stack(0x000000f054900000,0x000000f054a00000)]
  0x000002547f698020 JavaThread "Daemon" [_thread_blocked, id=19736, stack(0x000000f054a00000,0x000000f054b00000)]
  0x000002543b79a040 JavaThread "Handler for socket connection from /127.0.0.1:53465 to /127.0.0.1:53466" [_thread_in_native, id=43224, stack(0x000000f054b00000,0x000000f054c00000)]
  0x000002547f67a500 JavaThread "Cancel handler" [_thread_blocked, id=23448, stack(0x000000f054c00000,0x000000f054d00000)]
=>0x000002543ba7ee80 JavaThread "Daemon worker" [_thread_in_vm, id=24956, stack(0x000000f054d00000,0x000000f054e00000)]
  0x000002543ba807d0 JavaThread "Asynchronous log dispatcher for DefaultDaemonConnection: socket connection from /127.0.0.1:53465 to /127.0.0.1:53466" [_thread_blocked, id=29624, stack(0x000000f054e00000,0x000000f054f00000)]
  0x000002543ba7fdb0 JavaThread "Stdin handler" [_thread_blocked, id=19872, stack(0x000000f054f00000,0x000000f055000000)]
  0x000002543ba81c10 JavaThread "Daemon client event forwarder" [_thread_blocked, id=12964, stack(0x000000f055000000,0x000000f055100000)]
  0x000002543ba7e460 JavaThread "Cache worker for journal cache (C:\Users\DELL\.gradle\caches\journal-1)" [_thread_blocked, id=10108, stack(0x000000f055300000,0x000000f055400000)]
  0x000002543ba80ce0 JavaThread "File lock request listener" [_thread_in_native, id=16960, stack(0x000000f055200000,0x000000f055300000)]
  0x000002543ba802c0 JavaThread "Cache worker for file hash cache (C:\Users\DELL\.gradle\caches\9.3.1\fileHashes)" [_thread_blocked, id=2504, stack(0x000000f055400000,0x000000f055500000)]
  0x000002543ba81700 JavaThread "Cache worker for file hash cache (C:\Users\DELL\OneDrive\Desktop\indiery\apps\partner\android\.gradle\9.3.1\fileHashes)" [_thread_blocked, id=24548, stack(0x000000f053000000,0x000000f053100000)]
  0x000002543ba7e970 JavaThread "Cache worker for Build Output Cleanup Cache (C:\Users\DELL\OneDrive\Desktop\indiery\apps\partner\android\.gradle\buildOutputCleanup)" [_thread_blocked, id=23856, stack(0x000000f053200000,0x000000f053300000)]
  0x000002543ba7f390 JavaThread "Cache worker for checksums cache (C:\Users\DELL\OneDrive\Desktop\indiery\apps\partner\android\.gradle\9.3.1\checksums)" [_thread_blocked, id=39524, stack(0x000000f055600000,0x000000f055700000)]
  0x000002543ba7f8a0 JavaThread "Cache worker for file content cache (C:\Users\DELL\.gradle\caches\9.3.1\fileContent)" [_thread_blocked, id=32468, stack(0x000000f055700000,0x000000f055800000)]
  0x000002543caa43f0 JavaThread "Cache worker for cache directory md-supplier (C:\Users\DELL\.gradle\caches\9.3.1\md-supplier)" [_thread_blocked, id=1180, stack(0x000000f055800000,0x000000f055900000)]
  0x000002543caa2080 JavaThread "Cache worker for cache directory md-rule (C:\Users\DELL\.gradle\caches\9.3.1\md-rule)" [_thread_blocked, id=15300, stack(0x000000f055900000,0x000000f055a00000)]

Other Threads:
  0x000002547f58c460 VMThread "VM Thread" [stack: 0x000000f053900000,0x000000f053a00000] [id=21864]
  0x000002545948e270 WatcherThread [stack: 0x000000f054400000,0x000000f054500000] [id=18544]
  0x0000025459515890 GCTaskThread "GC Thread#0" [stack: 0x000000f053400000,0x000000f053500000] [id=18732]
  0x000002547f795180 GCTaskThread "GC Thread#1" [stack: 0x000000f054500000,0x000000f054600000] [id=37220]
  0x00000254595226f0 ConcurrentGCThread "G1 Main Marker" [stack: 0x000000f053500000,0x000000f053600000] [id=44332]
  0x0000025459524ba0 ConcurrentGCThread "G1 Conc#0" [stack: 0x000000f053600000,0x000000f053700000] [id=37092]
  0x000002545953ec50 ConcurrentGCThread "G1 Refine#0" [stack: 0x000000f053700000,0x000000f053800000] [id=39664]
  0x000002543b5c11f0 ConcurrentGCThread "G1 Refine#1" [stack: 0x000000f054600000,0x000000f054700000] [id=27404]
  0x000002547f44a610 ConcurrentGCThread "G1 Service" [stack: 0x000000f053800000,0x000000f053900000] [id=33764]

Threads with active compile tasks:

VM state: not at safepoint (normal execution)

VM Mutex/Monitor currently owned by a thread:  ([mutex/lock_event])
[0x0000025459489880] Metaspace_lock - owner thread: 0x000002543ba7ee80

Heap address: 0x0000000680000000, size: 6144 MB, Compressed Oops mode: Zero based, Oop shift amount: 3

CDS archive(s) mapped at: [0x0000025402000000-0x0000025402bb0000-0x0000025402bb0000), size 12255232, SharedBaseAddress: 0x0000025402000000, ArchiveRelocationMode: 1.
Compressed class space mapped at: 0x0000025403000000-0x0000025437000000, reserved size: 872415232
Narrow klass base: 0x0000025402000000, Narrow klass shift: 0, Narrow klass range: 0x100000000

GC Precious Log:
 CPUs: 12 total, 2 available
 Memory: 11624M
 Large Page Support: Disabled
 NUMA Support: Disabled
 Compressed Oops: Enabled (Zero based)
 Heap Region Size: 4M
 Heap Min Capacity: 8M
 Heap Initial Capacity: 184M
 Heap Max Capacity: 6G
 Pre-touch: Disabled
 Parallel Workers: 2
 Concurrent Workers: 1
 Concurrent Refinement Workers: 2
 Periodic GC: Disabled

Heap:
 garbage-first heap   total 110592K, used 30444K [0x0000000680000000, 0x0000000800000000)
  region size 4096K, 3 young (12288K), 1 survivors (4096K)
 Metaspace       used 27054K, committed 27392K, reserved 917504K
  class space    used 4159K, committed 4352K, reserved 851968K

Heap Regions: E=young(eden), S=young(survivor), O=old, HS=humongous(starts), HC=humongous(continues), CS=collection set, F=free, OA=open archive, CA=closed archive, TAMS=top-at-mark-start (previous, next)
|   0|0x0000000680000000, 0x0000000680400000, 0x0000000680400000|100%|HS|  |TAMS 0x0000000680400000, 0x0000000680000000| Complete 
|   1|0x0000000680400000, 0x0000000680800000, 0x0000000680800000|100%| O|  |TAMS 0x0000000680800000, 0x0000000680400000| Untracked 
|   2|0x0000000680800000, 0x0000000680c00000, 0x0000000680c00000|100%| O|  |TAMS 0x0000000680c00000, 0x0000000680800000| Untracked 
|   3|0x0000000680c00000, 0x0000000681000000, 0x0000000681000000|100%| O|  |TAMS 0x0000000681000000, 0x0000000680c00000| Untracked 
|   4|0x0000000681000000, 0x0000000681000000, 0x0000000681400000|  0%| F|  |TAMS 0x0000000681000000, 0x0000000681000000| Untracked 
|   5|0x0000000681400000, 0x0000000681800000, 0x0000000681800000|100%| O|  |TAMS 0x0000000681400000, 0x0000000681400000| Untracked 
|   6|0x0000000681800000, 0x0000000681b4ce00, 0x0000000681c00000| 82%| O|  |TAMS 0x0000000681800000, 0x0000000681800000| Untracked 
|   7|0x0000000681c00000, 0x0000000681c00000, 0x0000000682000000|  0%| F|  |TAMS 0x0000000681c00000, 0x0000000681c00000| Untracked 
|   8|0x0000000682000000, 0x0000000682000000, 0x0000000682400000|  0%| F|  |TAMS 0x0000000682000000, 0x0000000682000000| Untracked 
|   9|0x0000000682400000, 0x0000000682400000, 0x0000000682800000|  0%| F|  |TAMS 0x0000000682400000, 0x0000000682400000| Untracked 
|  10|0x0000000682800000, 0x0000000682800000, 0x0000000682c00000|  0%| F|  |TAMS 0x0000000682800000, 0x0000000682800000| Untracked 
|  11|0x0000000682c00000, 0x0000000682c00000, 0x0000000683000000|  0%| F|  |TAMS 0x0000000682c00000, 0x0000000682c00000| Untracked 
|  12|0x0000000683000000, 0x0000000683000000, 0x0000000683400000|  0%| F|  |TAMS 0x0000000683000000, 0x0000000683000000| Untracked 
|  13|0x0000000683400000, 0x0000000683400000, 0x0000000683800000|  0%| F|  |TAMS 0x0000000683400000, 0x0000000683400000| Untracked 
|  14|0x0000000683800000, 0x0000000683800000, 0x0000000683c00000|  0%| F|  |TAMS 0x0000000683800000, 0x0000000683800000| Untracked 
|  15|0x0000000683c00000, 0x0000000683c00000, 0x0000000684000000|  0%| F|  |TAMS 0x0000000683c00000, 0x0000000683c00000| Untracked 
|  16|0x0000000684000000, 0x0000000684000000, 0x0000000684400000|  0%| F|  |TAMS 0x0000000684000000, 0x0000000684000000| Untracked 
|  17|0x0000000684400000, 0x0000000684400000, 0x0000000684800000|  0%| F|  |TAMS 0x0000000684400000, 0x0000000684400000| Untracked 
|  18|0x0000000684800000, 0x0000000684800000, 0x0000000684c00000|  0%| F|  |TAMS 0x0000000684800000, 0x0000000684800000| Untracked 
|  19|0x0000000684c00000, 0x0000000684c00000, 0x0000000685000000|  0%| F|  |TAMS 0x0000000684c00000, 0x0000000684c00000| Untracked 
|  20|0x0000000685000000, 0x0000000685000000, 0x0000000685400000|  0%| F|  |TAMS 0x0000000685000000, 0x0000000685000000| Untracked 
|  21|0x0000000685400000, 0x0000000685400000, 0x0000000685800000|  0%| F|  |TAMS 0x0000000685400000, 0x0000000685400000| Untracked 
|  22|0x0000000685800000, 0x0000000685800000, 0x0000000685c00000|  0%| F|  |TAMS 0x0000000685800000, 0x0000000685800000| Untracked 
|  23|0x0000000685c00000, 0x0000000685c00000, 0x0000000686000000|  0%| F|  |TAMS 0x0000000685c00000, 0x0000000685c00000| Untracked 
|  40|0x000000068a000000, 0x000000068a192ff8, 0x000000068a400000| 39%| E|  |TAMS 0x000000068a000000, 0x000000068a000000| Complete 
|  41|0x000000068a400000, 0x000000068a66e558, 0x000000068a800000| 60%| S|CS|TAMS 0x000000068a400000, 0x000000068a400000| Complete 
|  45|0x000000068b400000, 0x000000068b800000, 0x000000068b800000|100%| E|CS|TAMS 0x000000068b400000, 0x000000068b400000| Complete 

Card table byte_map: [0x0000025471c10000,0x0000025472810000] _byte_map_base: 0x000002546e810000

Marking Bits (Prev, Next): (CMBitMap*) 0x0000025459515e00, (CMBitMap*) 0x0000025459515dc0
 Prev Bits: [0x0000025479410000, 0x000002547f410000)
 Next Bits: [0x0000025473410000, 0x0000025479410000)

Polling page: 0x00000254573b0000

Metaspace:

Usage:
  Non-class:     22.36 MB used.
      Class:      4.06 MB used.
       Both:     26.42 MB used.

Virtual space:
  Non-class space:       64.00 MB reserved,      22.50 MB ( 35%) committed,  1 nodes.
      Class space:      832.00 MB reserved,       4.25 MB ( <1%) committed,  1 nodes.
             Both:      896.00 MB reserved,      26.75 MB (  3%) committed. 

Chunk freelists:
   Non-Class:  9.31 MB
       Class:  11.70 MB
        Both:  21.02 MB

MaxMetaspaceSize: 1.00 GB
CompressedClassSpaceSize: 832.00 MB
Initial GC threshold: 21.00 MB
Current GC threshold: 35.31 MB
CDS: on
MetaspaceReclaimPolicy: balanced
 - commit_granule_bytes: 65536.
 - commit_granule_words: 8192.
 - virtual_space_node_default_size: 8388608.
 - enlarge_chunks_in_place: 1.
 - new_chunks_are_fully_committed: 0.
 - uncommit_free_chunks: 1.
 - use_allocation_guard: 0.
 - handle_deallocations: 1.


Internal statistics:

num_allocs_failed_limit: 3.
num_arena_births: 346.
num_arena_deaths: 0.
num_vsnodes_births: 2.
num_vsnodes_deaths: 0.
num_space_committed: 428.
num_space_uncommitted: 0.
num_chunks_returned_to_freelist: 3.
num_chunks_taken_from_freelist: 1440.
num_chunk_merges: 3.
num_chunk_splits: 967.
num_chunks_enlarged: 686.
num_inconsistent_stats: 0.

CodeCache: size=262144Kb used=6409Kb max_used=6409Kb free=255734Kb
 bounds [0x0000025461010000, 0x0000025461660000, 0x0000025471010000]
 total_blobs=3871 nmethods=3319 adapters=479
 compilation: enabled
              stopped_count=0, restarted_count=0
 full_count=0

Compilation events (20 events):
Event: 232.878 Thread 0x000002547f5b2f50 3322       1       java.util.concurrent.ThreadPoolExecutor::afterExecute (1 bytes)
Event: 232.950 Thread 0x000002547f5b2f50 nmethod 3322 0x000002546164e810 code [0x000002546164e9a0, 0x000002546164ea58]
Event: 240.857 Thread 0x000002547f5b2f50 3323       1       java.util.concurrent.ScheduledThreadPoolExecutor$DelayedWorkQueue::add (9 bytes)
Event: 240.876 Thread 0x000002547f5b2f50 nmethod 3323 0x000002546164eb10 code [0x000002546164ecc0, 0x000002546164ee08]
Event: 240.876 Thread 0x000002547f5b2f50 3324       1       java.util.concurrent.ScheduledThreadPoolExecutor$DelayedWorkQueue::add (6 bytes)
Event: 240.876 Thread 0x000002547f5b2f50 nmethod 3324 0x000002546164ee90 code [0x000002546164f020, 0x000002546164f108]
Event: 240.876 Thread 0x000002547f5b2f50 3325   !   1       java.util.concurrent.ScheduledThreadPoolExecutor$DelayedWorkQueue::offer (123 bytes)
Event: 240.906 Thread 0x000002547f5b2f50 nmethod 3325 0x000002546164f190 code [0x000002546164f420, 0x000002546164fd48]
Event: 242.001 Thread 0x000002547f5b2f50 3326       1       java.util.concurrent.ScheduledThreadPoolExecutor$DelayedWorkQueue::finishPoll (43 bytes)
Event: 242.001 Thread 0x000002547f5b2f50 nmethod 3326 0x0000025461650490 code [0x0000025461650640, 0x0000025461650848]
Event: 242.002 Thread 0x000002547f5b2f50 3327       1       java.util.concurrent.ScheduledThreadPoolExecutor$ScheduledFutureTask::run (57 bytes)
Event: 242.009 Thread 0x000002547f5b2f50 nmethod 3327 0x0000025461650990 code [0x0000025461650b80, 0x0000025461650db8]
Event: 242.009 Thread 0x000002547f5b2f50 3328       1       java.util.concurrent.ScheduledThreadPoolExecutor$ScheduledFutureTask::isPeriodic (15 bytes)
Event: 242.009 Thread 0x000002547f5b2f50 nmethod 3328 0x0000025461650f10 code [0x00000254616510a0, 0x0000025461651198]
Event: 242.009 Thread 0x000002547f5b2f50 3329   !   1       java.util.concurrent.FutureTask::runAndReset (125 bytes)
Event: 242.024 Thread 0x000002547f5b2f50 nmethod 3329 0x0000025461651210 code [0x0000025461651460, 0x0000025461651c58]
Event: 242.024 Thread 0x000002547f5b2f50 3330       1       java.util.concurrent.Executors$RunnableAdapter::call (14 bytes)
Event: 242.024 Thread 0x000002547f5b2f50 nmethod 3330 0x0000025461652090 code [0x0000025461652240, 0x0000025461652348]
Event: 242.900 Thread 0x000002547f5b2f50 3331       1       java.util.Collections::singleton (9 bytes)
Event: 242.963 Thread 0x000002547f5b2f50 nmethod 3331 0x0000025461652410 code [0x00000254616525a0, 0x00000254616526f8]

GC Heap History (18 events):
Event: 1.145 GC heap before
{Heap before GC invocations=0 (full 0):
 garbage-first heap   total 188416K, used 8192K [0x0000000680000000, 0x0000000800000000)
  region size 4096K, 2 young (8192K), 0 survivors (0K)
 Metaspace       used 524K, committed 640K, reserved 917504K
  class space    used 60K, committed 128K, reserved 851968K
}
Event: 1.154 GC heap after
{Heap after GC invocations=1 (full 0):
 garbage-first heap   total 188416K, used 1040K [0x0000000680000000, 0x0000000800000000)
  region size 4096K, 1 young (4096K), 1 survivors (4096K)
 Metaspace       used 524K, committed 640K, reserved 917504K
  class space    used 60K, committed 128K, reserved 851968K
}
Event: 1.354 GC heap before
{Heap before GC invocations=1 (full 0):
 garbage-first heap   total 188416K, used 5136K [0x0000000680000000, 0x0000000800000000)
  region size 4096K, 2 young (8192K), 1 survivors (4096K)
 Metaspace       used 524K, committed 640K, reserved 917504K
  class space    used 60K, committed 128K, reserved 851968K
}
Event: 1.357 GC heap after
{Heap after GC invocations=2 (full 0):
 garbage-first heap   total 188416K, used 1227K [0x0000000680000000, 0x0000000800000000)
  region size 4096K, 1 young (4096K), 1 survivors (4096K)
 Metaspace       used 524K, committed 640K, reserved 917504K
  class space    used 60K, committed 128K, reserved 851968K
}
Event: 2.761 GC heap before
{Heap before GC invocations=2 (full 0):
 garbage-first heap   total 188416K, used 21707K [0x0000000680000000, 0x0000000800000000)
  region size 4096K, 6 young (24576K), 1 survivors (4096K)
 Metaspace       used 1220K, committed 1344K, reserved 917504K
  class space    used 153K, committed 256K, reserved 851968K
}
Event: 2.807 GC heap after
{Heap after GC invocations=3 (full 0):
 garbage-first heap   total 188416K, used 10281K [0x0000000680000000, 0x0000000800000000)
  region size 4096K, 1 young (4096K), 1 survivors (4096K)
 Metaspace       used 1220K, committed 1344K, reserved 917504K
  class space    used 153K, committed 256K, reserved 851968K
}
Event: 21.033 GC heap before
{Heap before GC invocations=3 (full 0):
 garbage-first heap   total 188416K, used 116777K [0x0000000680000000, 0x0000000800000000)
  region size 4096K, 27 young (110592K), 1 survivors (4096K)
 Metaspace       used 8497K, committed 8768K, reserved 917504K
  class space    used 1284K, committed 1408K, reserved 851968K
}
Event: 21.083 GC heap after
{Heap after GC invocations=4 (full 0):
 garbage-first heap   total 188416K, used 19312K [0x0000000680000000, 0x0000000800000000)
  region size 4096K, 4 young (16384K), 4 survivors (16384K)
 Metaspace       used 8497K, committed 8768K, reserved 917504K
  class space    used 1284K, committed 1408K, reserved 851968K
}
Event: 53.171 GC heap before
{Heap before GC invocations=4 (full 0):
 garbage-first heap   total 188416K, used 52080K [0x0000000680000000, 0x0000000800000000)
  region size 4096K, 12 young (49152K), 4 survivors (16384K)
 Metaspace       used 12770K, committed 13056K, reserved 917504K
  class space    used 1962K, committed 2112K, reserved 851968K
}
Event: 53.204 GC heap after
{Heap after GC invocations=5 (full 0):
 garbage-first heap   total 188416K, used 21443K [0x0000000680000000, 0x0000000800000000)
  region size 4096K, 1 young (4096K), 1 survivors (4096K)
 Metaspace       used 12770K, committed 13056K, reserved 917504K
  class space    used 1962K, committed 2112K, reserved 851968K
}
Event: 100.895 GC heap before
{Heap before GC invocations=5 (full 0):
 garbage-first heap   total 188416K, used 86979K [0x0000000680000000, 0x0000000800000000)
  region size 4096K, 18 young (73728K), 1 survivors (4096K)
 Metaspace       used 20002K, committed 20288K, reserved 917504K
  class space    used 2985K, committed 3136K, reserved 851968K
}
Event: 100.927 GC heap after
{Heap after GC invocations=6 (full 0):
 garbage-first heap   total 188416K, used 23783K [0x0000000680000000, 0x0000000800000000)
  region size 4096K, 2 young (8192K), 2 survivors (8192K)
 Metaspace       used 20002K, committed 20288K, reserved 917504K
  class space    used 2985K, committed 3136K, reserved 851968K
}
Event: 101.478 GC heap before
{Heap before GC invocations=6 (full 0):
 garbage-first heap   total 188416K, used 36071K [0x0000000680000000, 0x0000000800000000)
  region size 4096K, 6 young (24576K), 2 survivors (8192K)
 Metaspace       used 21225K, committed 21504K, reserved 917504K
  class space    used 3172K, committed 3328K, reserved 851968K
}
Event: 101.494 GC heap after
{Heap after GC invocations=7 (full 0):
 garbage-first heap   total 188416K, used 24319K [0x0000000680000000, 0x0000000800000000)
  region size 4096K, 2 young (8192K), 2 survivors (8192K)
 Metaspace       used 21225K, committed 21504K, reserved 917504K
  class space    used 3172K, committed 3328K, reserved 851968K
}
Event: 107.207 GC heap before
{Heap before GC invocations=8 (full 0):
 garbage-first heap   total 110592K, used 81663K [0x0000000680000000, 0x0000000800000000)
  region size 4096K, 16 young (65536K), 2 survivors (8192K)
 Metaspace       used 26815K, committed 27200K, reserved 917504K
  class space    used 4120K, committed 4352K, reserved 851968K
}
Event: 107.230 GC heap after
{Heap after GC invocations=9 (full 0):
 garbage-first heap   total 110592K, used 26125K [0x0000000680000000, 0x0000000800000000)
  region size 4096K, 2 young (8192K), 2 survivors (8192K)
 Metaspace       used 26815K, committed 27200K, reserved 917504K
  class space    used 4120K, committed 4352K, reserved 851968K
}
Event: 145.874 GC heap before
{Heap before GC invocations=9 (full 0):
 garbage-first heap   total 110592K, used 30221K [0x0000000680000000, 0x0000000800000000)
  region size 4096K, 3 young (12288K), 2 survivors (8192K)
 Metaspace       used 27027K, committed 27392K, reserved 917504K
  class space    used 4154K, committed 4352K, reserved 851968K
}
Event: 146.034 GC heap after
{Heap after GC invocations=10 (full 0):
 garbage-first heap   total 110592K, used 26348K [0x0000000680000000, 0x0000000800000000)
  region size 4096K, 1 young (4096K), 1 survivors (4096K)
 Metaspace       used 27027K, committed 27392K, reserved 917504K
  class space    used 4154K, committed 4352K, reserved 851968K
}

Dll operation events (15 events):
Event: 0.024 Loaded shared library C:\Users\DELL\.gradle\jdks\eclipse_adoptium-17-amd64-windows.2\bin\java.dll
Event: 0.096 Loaded shared library C:\Users\DELL\.gradle\jdks\eclipse_adoptium-17-amd64-windows.2\bin\jsvml.dll
Event: 0.386 Loaded shared library C:\Users\DELL\.gradle\jdks\eclipse_adoptium-17-amd64-windows.2\bin\zip.dll
Event: 0.394 Loaded shared library C:\Users\DELL\.gradle\jdks\eclipse_adoptium-17-amd64-windows.2\bin\instrument.dll
Event: 0.422 Loaded shared library C:\Users\DELL\.gradle\jdks\eclipse_adoptium-17-amd64-windows.2\bin\net.dll
Event: 0.432 Loaded shared library C:\Users\DELL\.gradle\jdks\eclipse_adoptium-17-amd64-windows.2\bin\nio.dll
Event: 0.440 Loaded shared library C:\Users\DELL\.gradle\jdks\eclipse_adoptium-17-amd64-windows.2\bin\zip.dll
Event: 1.904 Loaded shared library C:\Users\DELL\.gradle\jdks\eclipse_adoptium-17-amd64-windows.2\bin\jimage.dll
Event: 2.838 Loaded shared library C:\Users\DELL\.gradle\jdks\eclipse_adoptium-17-amd64-windows.2\bin\verify.dll
Event: 2.929 Loaded shared library C:\Users\DELL\.gradle\native\660c5614fbf4a5f2a75b1949f50a0caf5cd603558e7d8a26e50b933a0cfb79d1\windows-amd64\native-platform.dll
Event: 2.952 Loaded shared library C:\Users\DELL\.gradle\native\0.2.8\x86_64-windows-gnu\gradle-fileevents.dll
Event: 7.710 Loaded shared library C:\Users\DELL\.gradle\jdks\eclipse_adoptium-17-amd64-windows.2\bin\management.dll
Event: 7.729 Loaded shared library C:\Users\DELL\.gradle\jdks\eclipse_adoptium-17-amd64-windows.2\bin\management_ext.dll
Event: 14.032 Loaded shared library C:\Users\DELL\.gradle\jdks\eclipse_adoptium-17-amd64-windows.2\bin\extnet.dll
Event: 21.261 Loaded shared library C:\Users\DELL\.gradle\jdks\eclipse_adoptium-17-amd64-windows.2\bin\sunmscapi.dll

Deoptimization events (2 events):
Event: 54.484 Thread 0x000002543ba81c10 DEOPT PACKING pc=0x000002546145e8ac sp=0x000000f0550feed0
Event: 54.484 Thread 0x000002543ba81c10 DEOPT UNPACKING pc=0x0000025461067143 sp=0x000000f0550fe438 mode 0

Classes loaded (20 events):
Event: 103.732 Loading class java/lang/invoke/SerializedLambda done
Event: 103.946 Loading class java/lang/reflect/AnnotatedType
Event: 103.947 Loading class java/lang/reflect/AnnotatedType done
Event: 104.031 Loading class sun/reflect/generics/tree/IntSignature
Event: 104.031 Loading class sun/reflect/generics/tree/IntSignature done
Event: 104.031 Loading class sun/reflect/generics/tree/ArrayTypeSignature
Event: 104.033 Loading class sun/reflect/generics/tree/ArrayTypeSignature done
Event: 104.157 Loading class java/lang/SafeVarargs
Event: 104.158 Loading class java/lang/SafeVarargs done
Event: 104.729 Loading class jdk/internal/reflect/UnsafeStaticIntegerFieldAccessorImpl
Event: 104.731 Loading class jdk/internal/reflect/UnsafeStaticIntegerFieldAccessorImpl done
Event: 105.802 Loading class java/io/StringReader
Event: 105.803 Loading class java/io/StringReader done
Event: 105.833 Loading class java/math/MutableBigInteger
Event: 105.835 Loading class java/math/MutableBigInteger done
Event: 105.890 Loading class sun/nio/fs/WindowsPath$1
Event: 105.891 Loading class sun/nio/fs/WindowsPath$1 done
Event: 108.154 Loading class java/nio/charset/CharacterCodingException
Event: 108.155 Loading class java/nio/charset/CharacterCodingException done
Event: 249.706 Loading class java/lang/StackTraceElement$HashedModules

Classes unloaded (0 events):
No events

Classes redefined (0 events):
No events

Internal exceptions (20 events):
Event: 101.394 Thread 0x000002543ba7ee80 Exception <a 'java/lang/NoSuchMethodError'{0x000000068af460d0}: 'java.lang.Object java.lang.invoke.DirectMethodHandle$Holder.invokeStatic(java.lang.Object, java.lang.Object, java.lang.Object, java.lang.Object, java.lang.Object, java.lang.Object, java.lang.Object, java.lang.Object, java.lang.Object, java.lang.Object, java.lang.Object, java.lang.Object, java.lang.Object, java.lang.Object, java.lang.Object, java.lang.Object, java.lang.Object, java.lang.Object, java.lang.Object, java.lang.Object, java.lang.Obj
Event: 101.401 Thread 0x000002543ba7ee80 Exception <a 'java/lang/NoSuchMethodError'{0x000000068af75100}: 'java.lang.Object java.lang.invoke.DirectMethodHandle$Holder.invokeStatic(java.lang.Object, java.lang.Object, java.lang.Object, java.lang.Object, java.lang.Object, java.lang.Object, java.lang.Object, java.lang.Object, java.lang.Object, java.lang.Object, java.lang.Object, java.lang.Object, java.lang.Object, java.lang.Object, java.lang.Object, java.lang.Object, java.lang.Object, java.lang.Object, java.lang.Object, java.lang.Object, java.lang.Obj
Event: 101.416 Thread 0x000002543ba7ee80 Exception <a 'java/lang/NoSuchMethodError'{0x000000068afa5d80}: 'java.lang.Object java.lang.invoke.DirectMethodHandle$Holder.invokeStatic(java.lang.Object, java.lang.Object, java.lang.Object, java.lang.Object, java.lang.Object, java.lang.Object, java.lang.Object, java.lang.Object, java.lang.Object, java.lang.Object, java.lang.Object, java.lang.Object, java.lang.Object, java.lang.Object, java.lang.Object, java.lang.Object, java.lang.Object, java.lang.Object, java.lang.Object, java.lang.Object, java.lang.Obj
Event: 101.424 Thread 0x000002543ba7ee80 Exception <a 'java/lang/NoSuchMethodError'{0x000000068afd78d8}: 'java.lang.Object java.lang.invoke.DirectMethodHandle$Holder.invokeStatic(java.lang.Object, java.lang.Object, java.lang.Object, java.lang.Object, java.lang.Object, java.lang.Object, java.lang.Object, java.lang.Object, java.lang.Object, java.lang.Object, java.lang.Object, java.lang.Object, java.lang.Object, java.lang.Object, java.lang.Object, java.lang.Object, java.lang.Object, java.lang.Object, java.lang.Object, java.lang.Object, java.lang.Obj
Event: 101.503 Thread 0x000002543ba7ee80 Exception <a 'java/lang/NoSuchMethodError'{0x000000068b485828}: 'java.lang.Object java.lang.invoke.DirectMethodHandle$Holder.invokeStaticInit(java.lang.Object, java.lang.Object, java.lang.Object, java.lang.Object)'> (0x000000068b485828) 
thrown [s\src\hotspot\share\interpreter\linkResolver.cpp, line 759]
Event: 101.619 Thread 0x000002543ba7ee80 Exception <a 'java/lang/IncompatibleClassChangeError'{0x000000068b7351c8}: Found class java.lang.Object, but interface was expected> (0x000000068b7351c8) 
thrown [s\src\hotspot\share\interpreter\linkResolver.cpp, line 826]
Event: 101.804 Thread 0x000002543ba7ee80 Exception <a 'java/lang/NoSuchMethodError'{0x0000000685d23a70}: 'void java.lang.invoke.DirectMethodHandle$Holder.invokeStaticInit(java.lang.Object, java.lang.Object)'> (0x0000000685d23a70) 
thrown [s\src\hotspot\share\interpreter\linkResolver.cpp, line 759]
Event: 103.016 Thread 0x000002543ba7ee80 Exception <a 'java/lang/NoSuchMethodError'{0x0000000684ef9de0}: 'java.lang.Object java.lang.invoke.DirectMethodHandle$Holder.invokeStaticInit(java.lang.Object, java.lang.Object, java.lang.Object)'> (0x0000000684ef9de0) 
thrown [s\src\hotspot\share\interpreter\linkResolver.cpp, line 759]
Event: 103.250 Thread 0x000002543ba7ee80 Exception <a 'java/lang/NoSuchMethodError'{0x00000006849c1360}: 'java.lang.Object java.lang.invoke.DirectMethodHandle$Holder.invokeSpecialIFC(java.lang.Object, java.lang.Object, java.lang.Object, java.lang.Object)'> (0x00000006849c1360) 
thrown [s\src\hotspot\share\interpreter\linkResolver.cpp, line 759]
Event: 103.268 Thread 0x000002543ba7ee80 Exception <a 'java/lang/NoSuchMethodError'{0x0000000684a19728}: 'java.lang.Object java.lang.invoke.DirectMethodHandle$Holder.newInvokeSpecial(java.lang.Object, java.lang.Object, java.lang.Object, java.lang.Object, java.lang.Object, java.lang.Object, java.lang.Object, java.lang.Object, java.lang.Object, java.lang.Object)'> (0x0000000684a19728) 
thrown [s\src\hotspot\share\interpreter\linkResolver.cpp, line 759]
Event: 103.270 Thread 0x000002543ba7ee80 Exception <a 'java/lang/NoSuchMethodError'{0x0000000684a1e610}: 'java.lang.Object java.lang.invoke.Invokers$Holder.linkToTargetMethod(java.lang.Object, java.lang.Object, java.lang.Object, java.lang.Object, java.lang.Object, java.lang.Object, java.lang.Object, java.lang.Object, java.lang.Object, java.lang.Object)'> (0x0000000684a1e610) 
thrown [s\src\hotspot\share\interpreter\linkResolver.cpp, line 759]
Event: 104.718 Thread 0x000002543ba7ee80 Exception <a 'java/lang/NoSuchMethodError'{0x0000000683e244b0}: 'java.lang.Object java.lang.invoke.DirectMethodHandle$Holder.newInvokeSpecial(java.lang.Object, java.lang.Object, int, int)'> (0x0000000683e244b0) 
thrown [s\src\hotspot\share\interpreter\linkResolver.cpp, line 759]
Event: 104.989 Thread 0x000002543ba7ee80 Exception <a 'java/lang/NoSuchMethodError'{0x0000000683b37690}: 'java.lang.Object java.lang.invoke.DirectMethodHandle$Holder.newInvokeSpecial(java.lang.Object, java.lang.Object, java.lang.Object, java.lang.Object, java.lang.Object, java.lang.Object, java.lang.Object, java.lang.Object, java.lang.Object, java.lang.Object, java.lang.Object)'> (0x0000000683b37690) 
thrown [s\src\hotspot\share\interpreter\linkResolver.cpp, line 759]
Event: 104.990 Thread 0x000002543ba7ee80 Exception <a 'java/lang/NoSuchMethodError'{0x0000000683b3d1c8}: 'java.lang.Object java.lang.invoke.DirectMethodHandle$Holder.invokeSpecial(java.lang.Object, java.lang.Object, java.lang.Object, java.lang.Object, java.lang.Object, java.lang.Object, java.lang.Object, java.lang.Object, java.lang.Object, java.lang.Object, java.lang.Object, java.lang.Object)'> (0x0000000683b3d1c8) 
thrown [s\src\hotspot\share\interpreter\linkResolver.cpp, line 759]
Event: 104.990 Thread 0x000002543ba7ee80 Exception <a 'java/lang/NoSuchMethodError'{0x0000000683b42860}: 'java.lang.Object java.lang.invoke.Invokers$Holder.linkToTargetMethod(java.lang.Object, java.lang.Object, java.lang.Object, java.lang.Object, java.lang.Object, java.lang.Object, java.lang.Object, java.lang.Object, java.lang.Object, java.lang.Object, java.lang.Object)'> (0x0000000683b42860) 
thrown [s\src\hotspot\share\interpreter\linkResolver.cpp, line 759]
Event: 105.008 Thread 0x000002543ba7ee80 Exception <a 'java/lang/NoSuchMethodError'{0x0000000683bc2b78}: 'java.lang.Object java.lang.invoke.DirectMethodHandle$Holder.newInvokeSpecial(java.lang.Object, java.lang.Object, java.lang.Object, java.lang.Object, java.lang.Object, java.lang.Object, java.lang.Object, java.lang.Object, java.lang.Object, java.lang.Object, java.lang.Object, java.lang.Object)'> (0x0000000683bc2b78) 
thrown [s\src\hotspot\share\interpreter\linkResolver.cpp, line 759]
Event: 105.009 Thread 0x000002543ba7ee80 Exception <a 'java/lang/NoSuchMethodError'{0x0000000683bc8898}: 'java.lang.Object java.lang.invoke.DirectMethodHandle$Holder.invokeSpecial(java.lang.Object, java.lang.Object, java.lang.Object, java.lang.Object, java.lang.Object, java.lang.Object, java.lang.Object, java.lang.Object, java.lang.Object, java.lang.Object, java.lang.Object, java.lang.Object, java.lang.Object)'> (0x0000000683bc8898) 
thrown [s\src\hotspot\share\interpreter\linkResolver.cpp, line 759]
Event: 105.009 Thread 0x000002543ba7ee80 Exception <a 'java/lang/NoSuchMethodError'{0x0000000683bce0b8}: 'java.lang.Object java.lang.invoke.Invokers$Holder.linkToTargetMethod(java.lang.Object, java.lang.Object, java.lang.Object, java.lang.Object, java.lang.Object, java.lang.Object, java.lang.Object, java.lang.Object, java.lang.Object, java.lang.Object, java.lang.Object, java.lang.Object)'> (0x0000000683bce0b8) 
thrown [s\src\hotspot\share\interpreter\linkResolver.cpp, line 759]
Event: 105.866 Thread 0x000002543ba7ee80 Exception <a 'java/lang/IncompatibleClassChangeError'{0x0000000682f43648}: Found class java.lang.Object, but interface was expected> (0x0000000682f43648) 
thrown [s\src\hotspot\share\interpreter\linkResolver.cpp, line 826]
Event: 105.873 Thread 0x000002543ba7ee80 Exception <a 'java/lang/NoSuchMethodError'{0x0000000682f81c90}: 'int java.lang.invoke.DirectMethodHandle$Holder.invokeVirtual(java.lang.Object, java.lang.Object)'> (0x0000000682f81c90) 
thrown [s\src\hotspot\share\interpreter\linkResolver.cpp, line 759]

VM Operations (20 events):
Event: 169.198 Executing VM operation: Cleanup
Event: 169.198 Executing VM operation: Cleanup done
Event: 181.281 Executing VM operation: Cleanup
Event: 181.281 Executing VM operation: Cleanup done
Event: 188.338 Executing VM operation: Cleanup
Event: 188.339 Executing VM operation: Cleanup done
Event: 191.355 Executing VM operation: Cleanup
Event: 191.356 Executing VM operation: Cleanup done
Event: 219.575 Executing VM operation: Cleanup
Event: 219.575 Executing VM operation: Cleanup done
Event: 220.581 Executing VM operation: Cleanup
Event: 220.581 Executing VM operation: Cleanup done
Event: 221.588 Executing VM operation: Cleanup
Event: 221.588 Executing VM operation: Cleanup done
Event: 232.690 Executing VM operation: Cleanup
Event: 232.969 Executing VM operation: Cleanup done
Event: 240.032 Executing VM operation: Cleanup
Event: 240.219 Executing VM operation: Cleanup done
Event: 243.247 Executing VM operation: Cleanup
Event: 243.310 Executing VM operation: Cleanup done

Memory protections (0 events):
No events

Nmethod flushes (0 events):
No events

Events (20 events):
Event: 21.702 Thread 0x000002547f5e7dd0 Thread added: 0x000002547f698020
Event: 21.755 Thread 0x000002547f698020 Thread added: 0x000002543b79a040
Event: 22.584 Thread 0x000002547f698020 Thread added: 0x000002547f67a500
Event: 22.694 Thread 0x000002547f698020 Thread added: 0x000002543ba7ee80
Event: 22.861 Thread 0x000002543ba7ee80 Thread added: 0x000002543ba807d0
Event: 22.870 Thread 0x000002543ba7ee80 Thread added: 0x000002543ba7fdb0
Event: 22.888 Thread 0x000002543ba7ee80 Thread added: 0x000002543ba81c10
Event: 50.775 Thread 0x000002547f5b2f50 Thread added: 0x000002547f5e7180
Event: 54.481 Thread 0x000002543ba7ee80 Thread added: 0x000002543ba7e460
Event: 54.483 Thread 0x000002547f5e7180 Thread exited: 0x000002547f5e7180
Event: 55.261 Thread 0x000002543ba7ee80 Thread added: 0x000002543ba80ce0
Event: 58.598 Thread 0x000002543ba7ee80 Thread added: 0x000002543ba802c0
Event: 59.914 Thread 0x000002543ba80ce0 Thread added: 0x000002543ba811f0
Event: 101.262 Thread 0x000002543ba7ee80 Thread added: 0x000002543ba81700
Event: 101.299 Thread 0x000002543ba7ee80 Thread added: 0x000002543ba7e970
Event: 103.220 Thread 0x000002543ba7ee80 Thread added: 0x000002543ba7f390
Event: 103.527 Thread 0x000002543ba7ee80 Thread added: 0x000002543ba7f8a0
Event: 105.033 Thread 0x000002543ba7ee80 Thread added: 0x000002543caa43f0
Event: 105.505 Thread 0x000002543ba7ee80 Thread added: 0x000002543caa2080
Event: 168.441 Thread 0x000002543ba811f0 Thread exited: 0x000002543ba811f0


Dynamic libraries:
0x00007ff6f2cb0000 - 0x00007ff6f2cbe000 	C:\Users\DELL\.gradle\jdks\eclipse_adoptium-17-amd64-windows.2\bin\java.exe
0x00007ffdfc460000 - 0x00007ffdfc6c7000 	C:\WINDOWS\SYSTEM32\ntdll.dll
0x00007ffdfaf70000 - 0x00007ffdfb03b000 	C:\WINDOWS\System32\KERNEL32.DLL
0x00007ffdf9a90000 - 0x00007ffdf9e91000 	C:\WINDOWS\System32\KERNELBASE.dll
0x00007ffdf9f60000 - 0x00007ffdfa0ac000 	C:\WINDOWS\System32\ucrtbase.dll
0x00007ffde9810000 - 0x00007ffde982e000 	C:\Users\DELL\.gradle\jdks\eclipse_adoptium-17-amd64-windows.2\bin\VCRUNTIME140.dll
0x00007ffde9a30000 - 0x00007ffde9a48000 	C:\Users\DELL\.gradle\jdks\eclipse_adoptium-17-amd64-windows.2\bin\jli.dll
0x00007ffdfb080000 - 0x00007ffdfb257000 	C:\WINDOWS\System32\USER32.dll
0x00007ffdf9930000 - 0x00007ffdf9957000 	C:\WINDOWS\System32\win32u.dll
0x00007ffdfb8d0000 - 0x00007ffdfb8fb000 	C:\WINDOWS\System32\GDI32.dll
0x00007ffde7e00000 - 0x00007ffde8090000 	C:\WINDOWS\WinSxS\amd64_microsoft.windows.common-controls_6595b64144ccf1df_6.0.26100.9549_none_3e0a0396e3330090\COMCTL32.dll
0x00007ffdfb990000 - 0x00007ffdfba39000 	C:\WINDOWS\System32\msvcrt.dll
0x00007ffdf9960000 - 0x00007ffdf9a88000 	C:\WINDOWS\System32\gdi32full.dll
0x00007ffdf9880000 - 0x00007ffdf9923000 	C:\WINDOWS\System32\msvcp_win.dll
0x00007ffdfb040000 - 0x00007ffdfb071000 	C:\WINDOWS\System32\IMM32.DLL
0x00007ffde9ec0000 - 0x00007ffde9ecc000 	C:\Users\DELL\.gradle\jdks\eclipse_adoptium-17-amd64-windows.2\bin\vcruntime140_1.dll
0x00007ffddd020000 - 0x00007ffddd0ad000 	C:\Users\DELL\.gradle\jdks\eclipse_adoptium-17-amd64-windows.2\bin\msvcp140.dll
0x00007ffd55fa0000 - 0x00007ffd56c0c000 	C:\Users\DELL\.gradle\jdks\eclipse_adoptium-17-amd64-windows.2\bin\server\jvm.dll
0x00007ffdfa400000 - 0x00007ffdfa4bb000 	C:\WINDOWS\System32\ADVAPI32.dll
0x00007ffdfa180000 - 0x00007ffdfa228000 	C:\WINDOWS\System32\sechost.dll
0x00007ffdfa2e0000 - 0x00007ffdfa3f8000 	C:\WINDOWS\System32\RPCRT4.dll
0x00007ffdfae40000 - 0x00007ffdfaec1000 	C:\WINDOWS\System32\WS2_32.dll
0x00007ffdf94b0000 - 0x00007ffdf950e000 	C:\WINDOWS\SYSTEM32\POWRPROF.dll
0x00007ffdf1130000 - 0x00007ffdf1167000 	C:\WINDOWS\SYSTEM32\WINMM.dll
0x00007ffdf1170000 - 0x00007ffdf117b000 	C:\WINDOWS\SYSTEM32\VERSION.dll
0x00007ffdf9490000 - 0x00007ffdf94a5000 	C:\WINDOWS\SYSTEM32\UMPDC.dll
0x00007ffdf82c0000 - 0x00007ffdf82db000 	C:\WINDOWS\SYSTEM32\kernel.appcore.dll
0x00007ffde9d10000 - 0x00007ffde9d1a000 	C:\Users\DELL\.gradle\jdks\eclipse_adoptium-17-amd64-windows.2\bin\jimage.dll
0x00007ffdf0560000 - 0x00007ffdf07ac000 	C:\WINDOWS\SYSTEM32\DBGHELP.DLL
0x00007ffdfb2c0000 - 0x00007ffdfb64a000 	C:\WINDOWS\System32\combase.dll
0x00007ffdfaa60000 - 0x00007ffdfab39000 	C:\WINDOWS\System32\OLEAUT32.dll
0x00007ffde8600000 - 0x00007ffde863b000 	C:\WINDOWS\SYSTEM32\dbgcore.DLL
0x00007ffdfa0c0000 - 0x00007ffdfa16c000 	C:\WINDOWS\System32\bcryptPrimitives.dll
0x00007ffde9b40000 - 0x00007ffde9b4e000 	C:\Users\DELL\.gradle\jdks\eclipse_adoptium-17-amd64-windows.2\bin\instrument.dll
0x00007ffde4960000 - 0x00007ffde4985000 	C:\Users\DELL\.gradle\jdks\eclipse_adoptium-17-amd64-windows.2\bin\java.dll
0x00007ffdb2350000 - 0x00007ffdb2427000 	C:\Users\DELL\.gradle\jdks\eclipse_adoptium-17-amd64-windows.2\bin\jsvml.dll
0x00007ffdfbad0000 - 0x00007ffdfc26c000 	C:\WINDOWS\System32\SHELL32.dll
0x00007ffdf7060000 - 0x00007ffdf790d000 	C:\WINDOWS\SYSTEM32\windows.storage.dll
0x00007ffdfa950000 - 0x00007ffdfaa49000 	C:\WINDOWS\System32\SHCORE.dll
0x00007ffdfa230000 - 0x00007ffdfa296000 	C:\WINDOWS\System32\shlwapi.dll
0x00007ffdf9570000 - 0x00007ffdf9599000 	C:\WINDOWS\SYSTEM32\profapi.dll
0x00007ffde4940000 - 0x00007ffde4958000 	C:\Users\DELL\.gradle\jdks\eclipse_adoptium-17-amd64-windows.2\bin\zip.dll
0x00007ffde4920000 - 0x00007ffde493a000 	C:\Users\DELL\.gradle\jdks\eclipse_adoptium-17-amd64-windows.2\bin\net.dll
0x00007ffdf2f60000 - 0x00007ffdf308a000 	C:\WINDOWS\SYSTEM32\WINHTTP.dll
0x00007ffdf8860000 - 0x00007ffdf88cc000 	C:\WINDOWS\system32\mswsock.dll
0x00007ffde3e10000 - 0x00007ffde3e26000 	C:\Users\DELL\.gradle\jdks\eclipse_adoptium-17-amd64-windows.2\bin\nio.dll
0x00007ffde7760000 - 0x00007ffde7770000 	C:\Users\DELL\.gradle\jdks\eclipse_adoptium-17-amd64-windows.2\bin\verify.dll
0x00007ffde7cf0000 - 0x00007ffde7d17000 	C:\Users\DELL\.gradle\native\660c5614fbf4a5f2a75b1949f50a0caf5cd603558e7d8a26e50b933a0cfb79d1\windows-amd64\native-platform.dll
0x00007ffddcaf0000 - 0x00007ffddcb67000 	C:\Users\DELL\.gradle\native\0.2.8\x86_64-windows-gnu\gradle-fileevents.dll
0x00007ffdde910000 - 0x00007ffdde91a000 	C:\Users\DELL\.gradle\jdks\eclipse_adoptium-17-amd64-windows.2\bin\management.dll
0x00007ffddd400000 - 0x00007ffddd40c000 	C:\Users\DELL\.gradle\jdks\eclipse_adoptium-17-amd64-windows.2\bin\management_ext.dll
0x00007ffdfaa50000 - 0x00007ffdfaa58000 	C:\WINDOWS\System32\PSAPI.DLL
0x00007ffdf7c70000 - 0x00007ffdf7ca3000 	C:\WINDOWS\SYSTEM32\IPHLPAPI.DLL
0x00007ffdfaf60000 - 0x00007ffdfaf6a000 	C:\WINDOWS\System32\NSI.dll
0x00007ffdf3bd0000 - 0x00007ffdf3bee000 	C:\WINDOWS\SYSTEM32\dhcpcsvc6.DLL
0x00007ffdf3b20000 - 0x00007ffdf3b45000 	C:\WINDOWS\SYSTEM32\dhcpcsvc.DLL
0x00007ffdf7cb0000 - 0x00007ffdf7e08000 	C:\WINDOWS\SYSTEM32\DNSAPI.dll
0x00007ffdf8680000 - 0x00007ffdf868d000 	C:\WINDOWS\SYSTEM32\DSPARSE.dll
0x00007ffddd3f0000 - 0x00007ffddd3f9000 	C:\Users\DELL\.gradle\jdks\eclipse_adoptium-17-amd64-windows.2\bin\extnet.dll
0x00007ffdf8ca0000 - 0x00007ffdf8cbb000 	C:\WINDOWS\SYSTEM32\CRYPTSP.dll
0x00007ffdf8220000 - 0x00007ffdf8259000 	C:\WINDOWS\system32\rsaenh.dll
0x00007ffdf8910000 - 0x00007ffdf8944000 	C:\WINDOWS\SYSTEM32\USERENV.dll
0x00007ffdf9540000 - 0x00007ffdf956a000 	C:\WINDOWS\SYSTEM32\bcrypt.dll
0x00007ffdf8ac0000 - 0x00007ffdf8acc000 	C:\WINDOWS\SYSTEM32\CRYPTBASE.dll
0x00007ffddd3e0000 - 0x00007ffddd3ee000 	C:\Users\DELL\.gradle\jdks\eclipse_adoptium-17-amd64-windows.2\bin\sunmscapi.dll
0x00007ffdf9660000 - 0x00007ffdf97df000 	C:\WINDOWS\System32\CRYPT32.dll
0x00007ffdf8e10000 - 0x00007ffdf8e40000 	C:\WINDOWS\SYSTEM32\ncrypt.dll
0x00007ffdf8dc0000 - 0x00007ffdf8dff000 	C:\WINDOWS\SYSTEM32\NTASN1.dll
0x00007ffdbfe80000 - 0x00007ffdbfe88000 	C:\WINDOWS\system32\wshunix.dll

dbghelp: loaded successfully - version: 4.0.5 - missing functions: none
symbol engine: initialized successfully - sym options: 0x614 - pdb path: .;C:\Users\DELL\.gradle\jdks\eclipse_adoptium-17-amd64-windows.2\bin;C:\WINDOWS\SYSTEM32;C:\WINDOWS\WinSxS\amd64_microsoft.windows.common-controls_6595b64144ccf1df_6.0.26100.9549_none_3e0a0396e3330090;C:\Users\DELL\.gradle\jdks\eclipse_adoptium-17-amd64-windows.2\bin\server;C:\Users\DELL\.gradle\native\660c5614fbf4a5f2a75b1949f50a0caf5cd603558e7d8a26e50b933a0cfb79d1\windows-amd64;C:\Users\DELL\.gradle\native\0.2.8\x86_64-windows-gnu

VM Arguments:
jvm_args: --add-opens=java.base/java.lang=ALL-UNNAMED --add-opens=java.base/java.lang.invoke=ALL-UNNAMED --add-opens=java.base/java.util=ALL-UNNAMED --add-opens=java.prefs/java.util.prefs=ALL-UNNAMED --add-exports=jdk.compiler/com.sun.tools.javac.api=ALL-UNNAMED --add-exports=jdk.compiler/com.sun.tools.javac.util=ALL-UNNAMED --add-opens=java.base/java.util=ALL-UNNAMED --add-opens=java.prefs/java.util.prefs=ALL-UNNAMED --add-opens=java.base/java.nio.charset=ALL-UNNAMED --add-opens=java.base/java.net=ALL-UNNAMED --add-opens=java.base/java.util.concurrent=ALL-UNNAMED --add-opens=java.base/java.util.concurrent.atomic=ALL-UNNAMED --add-opens=java.xml/javax.xml.namespace=ALL-UNNAMED --add-opens=java.base/java.time=ALL-UNNAMED -XX:MaxMetaspaceSize=1024m -XX:ReservedCodeCacheSize=256m -XX:ActiveProcessorCount=2 -XX:CICompilerCount=2 -XX:TieredStopAtLevel=1 -Xss1m -Xmx6144m -Dfile.encoding=UTF-8 -Duser.country=US -Duser.language=en -Duser.variant -javaagent:C:\Users\DELL\.gradle\wrapper\dists\gradle-9.3.1-bin\23ovyewtku6u96viwx3xl3oks\gradle-9.3.1\lib\agents\gradle-instrumentation-agent-9.3.1.jar 
java_command: org.gradle.launcher.daemon.bootstrap.GradleDaemon 9.3.1
java_class_path (initial): C:\Users\DELL\.gradle\wrapper\dists\gradle-9.3.1-bin\23ovyewtku6u96viwx3xl3oks\gradle-9.3.1\lib\gradle-daemon-main-9.3.1.jar
Launcher Type: SUN_STANDARD

[Global flags]
      int ActiveProcessorCount                     = 2                                         {product} {command line}
     intx CICompilerCount                          = 2                                         {product} {command line}
   size_t CompressedClassSpaceSize                 = 872415232                                 {product} {ergonomic}
     uint ConcGCThreads                            = 1                                         {product} {ergonomic}
     uint G1ConcRefinementThreads                  = 2                                         {product} {ergonomic}
   size_t G1HeapRegionSize                         = 4194304                                   {product} {ergonomic}
    uintx GCDrainStackTargetSize                   = 64                                        {product} {ergonomic}
   size_t InitialHeapSize                          = 192937984                                 {product} {ergonomic}
   size_t MarkStackSize                            = 4194304                                   {product} {ergonomic}
   size_t MaxHeapSize                              = 6442450944                                {product} {command line}
   size_t MaxMetaspaceSize                         = 1073741824                                {product} {command line}
   size_t MaxNewSize                               = 3862953984                                {product} {ergonomic}
   size_t MinHeapDeltaBytes                        = 4194304                                   {product} {ergonomic}
   size_t MinHeapSize                              = 8388608                                   {product} {ergonomic}
    uintx NonProfiledCodeHeapSize                  = 0                                      {pd product} {ergonomic}
     bool ProfileInterpreter                       = false                                  {pd product} {command line}
    uintx ProfiledCodeHeapSize                     = 0                                      {pd product} {ergonomic}
    uintx ReservedCodeCacheSize                    = 268435456                              {pd product} {command line}
   size_t SoftMaxHeapSize                          = 6442450944                             {manageable} {ergonomic}
   double SweeperThreshold                         = 0.468750                                  {product} {ergonomic}
     intx ThreadStackSize                          = 1024                                   {pd product} {command line}
     intx TieredStopAtLevel                        = 1                                         {product} {command line}
     bool UseCompressedClassPointers               = true                           {product lp64_product} {ergonomic}
     bool UseCompressedOops                        = true                           {product lp64_product} {ergonomic}
     bool UseG1GC                                  = true                                      {product} {ergonomic}
     bool UseLargePagesIndividualAllocation        = false                                  {pd product} {ergonomic}

Logging:
Log output configuration:
 #0: stdout all=warning uptime,level,tags
 #1: stderr all=off uptime,level,tags

Environment Variables:
JAVA_HOME=C:\Program Files\Android\Android Studio\jbr
PATH=C:\Python314\Scripts\;C:\Python314\;C:\WINDOWS\system32;C:\WINDOWS;C:\WINDOWS\System32\Wbem;C:\WINDOWS\System32\WindowsPowerShell\v1.0\;C:\WINDOWS\System32\OpenSSH\;C:\Program Files\nodejs\;C:\ProgramData\chocolatey\bin;C:\Program Files\dotnet\;C:\Program Files\Git\cmd;C:\Users\DELL\AppData\Local\Microsoft\WindowsApps;C:\Users\DELL\AppData\Local\Programs\Microsoft VS Code\bin;C:\Users\DELL\AppData\Roaming\npm;;C:\Program Files\Android\Android Studio\jbr\bin;C:\Users\DELL\AppData\Local\Android\Sdk\platform-tools;C:\Users\DELL\AppData\Local\Android\Sdk\emulator;C:\Users\DELL\AppData\Local\Android\Sdk\cmdline-tools\latest\bin;C:\Users\DELL\AppData\Local\Microsoft\WinGet\Packages\LiveKit.LiveKitCLI_Microsoft.Winget.Source_8wekyb3d8bbwe;C:\Users\DELL\AppData\Local\Programs\Antigravity IDE\bin
USERNAME=DELL
OS=Windows_NT
PROCESSOR_IDENTIFIER=AMD64 Family 25 Model 80 Stepping 0, AuthenticAMD
TMP=C:\Users\DELL\AppData\Local\Temp
TEMP=C:\Users\DELL\AppData\Local\Temp



Periodic native trim disabled


---------------  S Y S T E M  ---------------

OS:
 Windows 11 , 64 bit Build 26100 (10.0.26100.9549)
OS uptime: 9 days 4:26 hours
Hyper-V role detected

CPU: total 12 (initial active 2) (12 cores per cpu, 2 threads per core) family 25 model 80 stepping 0 microcode 0xa500014, cx8, cmov, fxsr, ht, mmx, 3dnowpref, sse, sse2, sse3, ssse3, sse4a, sse4.1, sse4.2, popcnt, lzcnt, tsc, tscinvbit, avx, avx2, aes, erms, clmul, bmi1, bmi2, adx, sha, fma, vzeroupper, clflush, clflushopt, hv
Processor Information for all 12 processors :
  Max Mhz: 2301, Current Mhz: 1904, Mhz Limit: 2301

Memory: 4k page, system-wide physical 11624M (754M free)
TotalPageFile size 48488M (AvailPageFile size 0M)
current process WorkingSet (physical memory assigned to process): 29M, peak: 143M
current process commit charge ("private bytes"): 234M, peak: 304M

vm_info: OpenJDK 64-Bit Server VM (17.0.19+10) for windows-amd64 JRE (17.0.19+10), built on Apr 25 2026 08:04:44 by "admin" with MS VC++ 17.12 (VS2022)

END.
