#
# There is insufficient memory for the Java Runtime Environment to continue.
# Native memory allocation (mmap) failed to map 62914560 bytes. Error detail: G1 virtual space
# Possible reasons:
#   The system is out of physical RAM or swap space
#   This process is running with CompressedOops enabled, and the Java Heap may be blocking the growth of the native heap
# Possible solutions:
#   Reduce memory load on the system
#   Increase physical memory or swap space
#   Check if swap backing store is full
#   Decrease Java heap size (-Xmx/-Xms)
#   Decrease number of Java threads
#   Decrease Java thread stack sizes (-Xss)
#   Set larger code cache with -XX:ReservedCodeCacheSize=
#   JVM is running with Zero Based Compressed Oops mode in which the Java heap is
#     placed in the first 32GB address space. The Java Heap base address is the
#     maximum limit for the native heap growth. Please use -XX:HeapBaseMinAddress
#     to set the Java Heap base and to place the Java Heap above 32GB virtual address.
# This output file may be truncated or incomplete.
#
#  Out of Memory Error (os_windows.cpp:3618), pid=10960, tid=42048
#
# JRE version: OpenJDK Runtime Environment Temurin-17.0.19+10 (17.0.19+10) (build 17.0.19+10)
# Java VM: OpenJDK 64-Bit Server VM Temurin-17.0.19+10 (17.0.19+10, mixed mode, emulated-client, sharing, tiered, compressed oops, compressed class ptrs, g1 gc, windows-amd64)
# No core dump will be written. Minidumps are not enabled by default on client versions of Windows
#

---------------  S U M M A R Y ------------

Command Line: --add-opens=java.base/java.lang=ALL-UNNAMED --add-opens=java.base/java.lang.invoke=ALL-UNNAMED --add-opens=java.base/java.util=ALL-UNNAMED --add-opens=java.prefs/java.util.prefs=ALL-UNNAMED --add-exports=jdk.compiler/com.sun.tools.javac.api=ALL-UNNAMED --add-exports=jdk.compiler/com.sun.tools.javac.util=ALL-UNNAMED --add-opens=java.base/java.util=ALL-UNNAMED --add-opens=java.prefs/java.util.prefs=ALL-UNNAMED --add-opens=java.base/java.nio.charset=ALL-UNNAMED --add-opens=java.base/java.net=ALL-UNNAMED --add-opens=java.base/java.util.concurrent=ALL-UNNAMED --add-opens=java.base/java.util.concurrent.atomic=ALL-UNNAMED --add-opens=java.xml/javax.xml.namespace=ALL-UNNAMED --add-opens=java.base/java.time=ALL-UNNAMED -XX:MaxMetaspaceSize=1024m -XX:ReservedCodeCacheSize=256m -XX:ActiveProcessorCount=2 -XX:CICompilerCount=2 -XX:TieredStopAtLevel=1 -Xss1m -Xmx6144m -Dfile.encoding=UTF-8 -Duser.country=US -Duser.language=en -Duser.variant -javaagent:C:\Users\DELL\.gradle\wrapper\dists\gradle-9.3.1-bin\23ovyewtku6u96viwx3xl3oks\gradle-9.3.1\lib\agents\gradle-instrumentation-agent-9.3.1.jar org.gradle.launcher.daemon.bootstrap.GradleDaemon 9.3.1

Host: AMD Ryzen 5 5625U with Radeon Graphics         , 12 cores, 11G,  Windows 11 , 64 bit Build 26100 (10.0.26100.9549)
Time: Fri Oct  2 21:32:50 2026 India Standard Time elapsed time: 186.108305 seconds (0d 0h 3m 6s)

---------------  T H R E A D  ---------------

Current thread (0x000002062c0ec180):  VMThread "VM Thread" [stack: 0x000000d136c00000,0x000000d136d00000] [id=42048]

Stack: [0x000000d136c00000,0x000000d136d00000]
Native frames: (J=compiled Java code, j=interpreted, Vv=VM code, C=native code)
V  [jvm.dll+0x684b29]
V  [jvm.dll+0x83a2d5]
V  [jvm.dll+0x83bd4e]
V  [jvm.dll+0x83c3d3]
V  [jvm.dll+0x24905f]
V  [jvm.dll+0x6818e9]
V  [jvm.dll+0x6766ea]
V  [jvm.dll+0x3093b7]
V  [jvm.dll+0x3109a6]
V  [jvm.dll+0x360f1e]
V  [jvm.dll+0x36115d]
V  [jvm.dll+0x2e043c]
V  [jvm.dll+0x2de812]
V  [jvm.dll+0x2ddfac]
V  [jvm.dll+0x320c6b]
V  [jvm.dll+0x840bed]
V  [jvm.dll+0x841923]
V  [jvm.dll+0x841e4f]
V  [jvm.dll+0x842235]
V  [jvm.dll+0x8422fe]
V  [jvm.dll+0x7eaf1c]
V  [jvm.dll+0x6839f7]
C  [ucrtbase.dll+0x2cd30]
C  [KERNEL32.DLL+0x2cdf7]
C  [ntdll.dll+0x7ee4c]

VM_Operation (0x000000d1380f7bf0): G1CollectForAllocation, mode: safepoint, requested by thread 0x0000020666a38520


---------------  P R O C E S S  ---------------

Threads class SMR info:
_java_thread_list=0x0000020666bd1620, length=25, elements={
0x0000020603febc10, 0x000002062c0f4a10, 0x000002062c0f6050, 0x000002062c10a0b0,
0x000002062c10c990, 0x000002062c10fde0, 0x000002062c1106b0, 0x000002062c111af0,
0x000002062c114af0, 0x000002062c16e240, 0x000002062c25ee10, 0x000002066694afa0,
0x0000020666a534a0, 0x00000206669d35e0, 0x0000020666a64610, 0x0000020666b14010,
0x0000020666a38040, 0x0000020666a38520, 0x000002062cd28400, 0x000002062cd26fc0,
0x000002062cd28910, 0x000002062cd28e20, 0x000002062cd29330, 0x000002062cd29840,
0x000002062cd26090
}

Java Threads: ( => current thread )
  0x0000020603febc10 JavaThread "main" [_thread_blocked, id=34260, stack(0x000000d136600000,0x000000d136700000)]
  0x000002062c0f4a10 JavaThread "Reference Handler" daemon [_thread_blocked, id=29736, stack(0x000000d136d00000,0x000000d136e00000)]
  0x000002062c0f6050 JavaThread "Finalizer" daemon [_thread_blocked, id=41776, stack(0x000000d136e00000,0x000000d136f00000)]
  0x000002062c10a0b0 JavaThread "Signal Dispatcher" daemon [_thread_blocked, id=29828, stack(0x000000d136f00000,0x000000d137000000)]
  0x000002062c10c990 JavaThread "Attach Listener" daemon [_thread_blocked, id=19444, stack(0x000000d137000000,0x000000d137100000)]
  0x000002062c10fde0 JavaThread "Service Thread" daemon [_thread_blocked, id=8868, stack(0x000000d137100000,0x000000d137200000)]
  0x000002062c1106b0 JavaThread "Monitor Deflation Thread" daemon [_thread_blocked, id=29584, stack(0x000000d137200000,0x000000d137300000)]
  0x000002062c111af0 JavaThread "C1 CompilerThread0" daemon [_thread_blocked, id=31964, stack(0x000000d137300000,0x000000d137400000)]
  0x000002062c114af0 JavaThread "Sweeper thread" daemon [_thread_blocked, id=17916, stack(0x000000d137400000,0x000000d137500000)]
  0x000002062c16e240 JavaThread "Common-Cleaner" daemon [_thread_blocked, id=23836, stack(0x000000d137500000,0x000000d137600000)]
  0x000002062c25ee10 JavaThread "Notification Thread" daemon [_thread_blocked, id=31200, stack(0x000000d137700000,0x000000d137800000)]
  0x000002066694afa0 JavaThread "Daemon health stats" [_thread_blocked, id=3308, stack(0x000000d137600000,0x000000d137700000)]
  0x0000020666a534a0 JavaThread "Incoming local TCP Connector on port 51654" [_thread_in_native, id=26172, stack(0x000000d137b00000,0x000000d137c00000)]
  0x00000206669d35e0 JavaThread "Daemon periodic checks" [_thread_blocked, id=33000, stack(0x000000d137c00000,0x000000d137d00000)]
  0x0000020666a64610 JavaThread "Daemon" [_thread_blocked, id=3944, stack(0x000000d137d00000,0x000000d137e00000)]
  0x0000020666b14010 JavaThread "Handler for socket connection from /127.0.0.1:51654 to /127.0.0.1:51655" [_thread_in_native, id=12728, stack(0x000000d137e00000,0x000000d137f00000)]
  0x0000020666a38040 JavaThread "Cancel handler" [_thread_blocked, id=2944, stack(0x000000d137f00000,0x000000d138000000)]
  0x0000020666a38520 JavaThread "Daemon worker" [_thread_blocked, id=4600, stack(0x000000d138000000,0x000000d138100000)]
  0x000002062cd28400 JavaThread "Asynchronous log dispatcher for DefaultDaemonConnection: socket connection from /127.0.0.1:51654 to /127.0.0.1:51655" [_thread_blocked, id=33708, stack(0x000000d138100000,0x000000d138200000)]
  0x000002062cd26fc0 JavaThread "Stdin handler" [_thread_blocked, id=15048, stack(0x000000d138200000,0x000000d138300000)]
  0x000002062cd28910 JavaThread "Daemon client event forwarder" [_thread_blocked, id=2160, stack(0x000000d138300000,0x000000d138400000)]
  0x000002062cd28e20 JavaThread "Cache worker for journal cache (C:\Users\DELL\.gradle\caches\journal-1)" [_thread_blocked, id=18156, stack(0x000000d138400000,0x000000d138500000)]
  0x000002062cd29330 JavaThread "File lock request listener" [_thread_in_native, id=23100, stack(0x000000d138500000,0x000000d138600000)]
  0x000002062cd29840 JavaThread "Cache worker for file hash cache (C:\Users\DELL\.gradle\caches\9.3.1\fileHashes)" [_thread_blocked, id=38840, stack(0x000000d138700000,0x000000d138800000)]
  0x000002062cd26090 JavaThread "File lock release action executor Thread 2" [_thread_blocked, id=43488, stack(0x000000d136300000,0x000000d136400000)]

Other Threads:
=>0x000002062c0ec180 VMThread "VM Thread" [stack: 0x000000d136c00000,0x000000d136d00000] [id=42048]
  0x000002062c25f2f0 WatcherThread [stack: 0x000000d137800000,0x000000d137900000] [id=41312]
  0x0000020604076240 GCTaskThread "GC Thread#0" [stack: 0x000000d136700000,0x000000d136800000] [id=20240]
  0x000002062c30b240 GCTaskThread "GC Thread#1" [stack: 0x000000d137900000,0x000000d137a00000] [id=16636]
  0x00000206040830a0 ConcurrentGCThread "G1 Main Marker" [stack: 0x000000d136800000,0x000000d136900000] [id=23748]
  0x00000206040839d0 ConcurrentGCThread "G1 Conc#0" [stack: 0x000000d136900000,0x000000d136a00000] [id=3724]
  0x000002060409e290 ConcurrentGCThread "G1 Refine#0" [stack: 0x000000d136a00000,0x000000d136b00000] [id=24380]
  0x000002062cb5ab40 ConcurrentGCThread "G1 Refine#1" [stack: 0x000000d137a00000,0x000000d137b00000] [id=27340]
  0x000002062bfa80f0 ConcurrentGCThread "G1 Service" [stack: 0x000000d136b00000,0x000000d136c00000] [id=39728]

Threads with active compile tasks:

VM state: at safepoint (normal execution)

VM Mutex/Monitor currently owned by a thread:  ([mutex/lock_event])
[0x0000020603fe7e50] Threads_lock - owner thread: 0x000002062c0ec180
[0x0000020603fe7dc0] Heap_lock - owner thread: 0x0000020666a38520

Heap address: 0x0000000680000000, size: 6144 MB, Compressed Oops mode: Zero based, Oop shift amount: 3

CDS archive(s) mapped at: [0x000002062d000000-0x000002062dbb0000-0x000002062dbb0000), size 12255232, SharedBaseAddress: 0x000002062d000000, ArchiveRelocationMode: 1.
Compressed class space mapped at: 0x000002062e000000-0x0000020662000000, reserved size: 872415232
Narrow klass base: 0x000002062d000000, Narrow klass shift: 0, Narrow klass range: 0x100000000

GC Precious Log:
 CPUs: 12 total, 2 available
 Memory: 11624M
 Large Page Support: Disabled
 NUMA Support: Disabled
 Compressed Oops: Enabled (Zero based)
 Heap Region Size: 4M
 Heap Min Capacity: 8M
 Heap Initial Capacity: 184M
 Heap Max Capacity: 6G
 Pre-touch: Disabled
 Parallel Workers: 2
 Concurrent Workers: 1
 Concurrent Refinement Workers: 2
 Periodic GC: Disabled

Heap:
 garbage-first heap   total 188416K, used 23447K [0x0000000680000000, 0x0000000800000000)
  region size 4096K, 1 young (4096K), 1 survivors (4096K)
 Metaspace       used 19398K, committed 19648K, reserved 917504K
  class space    used 2901K, committed 3008K, reserved 851968K

Heap Regions: E=young(eden), S=young(survivor), O=old, HS=humongous(starts), HC=humongous(continues), CS=collection set, F=free, OA=open archive, CA=closed archive, TAMS=top-at-mark-start (previous, next)
|   0|0x0000000680000000, 0x0000000680400000, 0x0000000680400000|100%|HS|  |TAMS 0x0000000680000000, 0x0000000680000000| Complete 
|   1|0x0000000680400000, 0x0000000680800000, 0x0000000680800000|100%| O|  |TAMS 0x0000000680400000, 0x0000000680400000| Untracked 
|   2|0x0000000680800000, 0x0000000680c00000, 0x0000000680c00000|100%| O|  |TAMS 0x0000000680800000, 0x0000000680800000| Untracked 
|   3|0x0000000680c00000, 0x0000000681000000, 0x0000000681000000|100%| O|  |TAMS 0x0000000680c00000, 0x0000000680c00000| Untracked 
|   4|0x0000000681000000, 0x0000000681400000, 0x0000000681400000|100%| O|  |TAMS 0x0000000681000000, 0x0000000681000000| Untracked 
|   5|0x0000000681400000, 0x000000068165f600, 0x0000000681800000| 59%| O|  |TAMS 0x0000000681400000, 0x0000000681400000| Untracked 
|   6|0x0000000681800000, 0x0000000681800000, 0x0000000681c00000|  0%| F|  |TAMS 0x0000000681800000, 0x0000000681800000| Untracked 
|   7|0x0000000681c00000, 0x0000000681c00000, 0x0000000682000000|  0%| F|  |TAMS 0x0000000681c00000, 0x0000000681c00000| Untracked 
|   8|0x0000000682000000, 0x0000000682000000, 0x0000000682400000|  0%| F|  |TAMS 0x0000000682000000, 0x0000000682000000| Untracked 
|   9|0x0000000682400000, 0x0000000682400000, 0x0000000682800000|  0%| F|  |TAMS 0x0000000682400000, 0x0000000682400000| Untracked 
|  10|0x0000000682800000, 0x0000000682800000, 0x0000000682c00000|  0%| F|  |TAMS 0x0000000682800000, 0x0000000682800000| Untracked 
|  11|0x0000000682c00000, 0x0000000682c00000, 0x0000000683000000|  0%| F|  |TAMS 0x0000000682c00000, 0x0000000682c00000| Untracked 
|  12|0x0000000683000000, 0x0000000683000000, 0x0000000683400000|  0%| F|  |TAMS 0x0000000683000000, 0x0000000683000000| Untracked 
|  13|0x0000000683400000, 0x0000000683400000, 0x0000000683800000|  0%| F|  |TAMS 0x0000000683400000, 0x0000000683400000| Untracked 
|  14|0x0000000683800000, 0x0000000683800000, 0x0000000683c00000|  0%| F|  |TAMS 0x0000000683800000, 0x0000000683800000| Untracked 
|  15|0x0000000683c00000, 0x0000000683c00000, 0x0000000684000000|  0%| F|  |TAMS 0x0000000683c00000, 0x0000000683c00000| Untracked 
|  16|0x0000000684000000, 0x0000000684000000, 0x0000000684400000|  0%| F|  |TAMS 0x0000000684000000, 0x0000000684000000| Untracked 
|  17|0x0000000684400000, 0x0000000684400000, 0x0000000684800000|  0%| F|  |TAMS 0x0000000684400000, 0x0000000684400000| Untracked 
|  18|0x0000000684800000, 0x0000000684800000, 0x0000000684c00000|  0%| F|  |TAMS 0x0000000684800000, 0x0000000684800000| Untracked 
|  19|0x0000000684c00000, 0x0000000684c00000, 0x0000000685000000|  0%| F|  |TAMS 0x0000000684c00000, 0x0000000684c00000| Untracked 
|  20|0x0000000685000000, 0x0000000685000000, 0x0000000685400000|  0%| F|  |TAMS 0x0000000685000000, 0x0000000685000000| Untracked 
|  21|0x0000000685400000, 0x0000000685400000, 0x0000000685800000|  0%| F|  |TAMS 0x0000000685400000, 0x0000000685400000| Untracked 
|  22|0x0000000685800000, 0x0000000685800000, 0x0000000685c00000|  0%| F|  |TAMS 0x0000000685800000, 0x0000000685800000| Untracked 
|  23|0x0000000685c00000, 0x0000000685c00000, 0x0000000686000000|  0%| F|  |TAMS 0x0000000685c00000, 0x0000000685c00000| Untracked 
|  24|0x0000000686000000, 0x0000000686000000, 0x0000000686400000|  0%| F|  |TAMS 0x0000000686000000, 0x0000000686000000| Untracked 
|  25|0x0000000686400000, 0x0000000686400000, 0x0000000686800000|  0%| F|  |TAMS 0x0000000686400000, 0x0000000686400000| Untracked 
|  26|0x0000000686800000, 0x0000000686800000, 0x0000000686c00000|  0%| F|  |TAMS 0x0000000686800000, 0x0000000686800000| Untracked 
|  27|0x0000000686c00000, 0x0000000686c00000, 0x0000000687000000|  0%| F|  |TAMS 0x0000000686c00000, 0x0000000686c00000| Untracked 
|  28|0x0000000687000000, 0x0000000687000000, 0x0000000687400000|  0%| F|  |TAMS 0x0000000687000000, 0x0000000687000000| Untracked 
|  29|0x0000000687400000, 0x0000000687400000, 0x0000000687800000|  0%| F|  |TAMS 0x0000000687400000, 0x0000000687400000| Untracked 
|  30|0x0000000687800000, 0x0000000687800000, 0x0000000687c00000|  0%| F|  |TAMS 0x0000000687800000, 0x0000000687800000| Untracked 
|  31|0x0000000687c00000, 0x0000000687c00000, 0x0000000688000000|  0%| F|  |TAMS 0x0000000687c00000, 0x0000000687c00000| Untracked 
|  32|0x0000000688000000, 0x0000000688000000, 0x0000000688400000|  0%| F|  |TAMS 0x0000000688000000, 0x0000000688000000| Untracked 
|  33|0x0000000688400000, 0x0000000688400000, 0x0000000688800000|  0%| F|  |TAMS 0x0000000688400000, 0x0000000688400000| Untracked 
|  34|0x0000000688800000, 0x0000000688800000, 0x0000000688c00000|  0%| F|  |TAMS 0x0000000688800000, 0x0000000688800000| Untracked 
|  35|0x0000000688c00000, 0x0000000688c00000, 0x0000000689000000|  0%| F|  |TAMS 0x0000000688c00000, 0x0000000688c00000| Untracked 
|  36|0x0000000689000000, 0x0000000689000000, 0x0000000689400000|  0%| F|  |TAMS 0x0000000689000000, 0x0000000689000000| Untracked 
|  37|0x0000000689400000, 0x0000000689400000, 0x0000000689800000|  0%| F|  |TAMS 0x0000000689400000, 0x0000000689400000| Untracked 
|  38|0x0000000689800000, 0x0000000689800000, 0x0000000689c00000|  0%| F|  |TAMS 0x0000000689800000, 0x0000000689800000| Untracked 
|  39|0x0000000689c00000, 0x0000000689c00000, 0x000000068a000000|  0%| F|  |TAMS 0x0000000689c00000, 0x0000000689c00000| Untracked 
|  40|0x000000068a000000, 0x000000068a000000, 0x000000068a400000|  0%| F|  |TAMS 0x000000068a000000, 0x000000068a000000| Untracked 
|  41|0x000000068a400000, 0x000000068a400000, 0x000000068a800000|  0%| F|  |TAMS 0x000000068a400000, 0x000000068a400000| Untracked 
|  42|0x000000068a800000, 0x000000068a800000, 0x000000068ac00000|  0%| F|  |TAMS 0x000000068a800000, 0x000000068a800000| Untracked 
|  43|0x000000068ac00000, 0x000000068ac867b8, 0x000000068b000000| 13%| S|CS|TAMS 0x000000068ac00000, 0x000000068ac00000| Complete 
|  44|0x000000068b000000, 0x000000068b000000, 0x000000068b400000|  0%| F|  |TAMS 0x000000068b000000, 0x000000068b000000| Untracked 
|  45|0x000000068b400000, 0x000000068b400000, 0x000000068b800000|  0%| F|  |TAMS 0x000000068b400000, 0x000000068b400000| Untracked 

Card table byte_map: [0x000002061c770000,0x000002061d370000] _byte_map_base: 0x0000020619370000

Marking Bits (Prev, Next): (CMBitMap*) 0x0000020604076770, (CMBitMap*) 0x00000206040767b0
 Prev Bits: [0x000002061df70000, 0x0000020623f70000)
 Next Bits: [0x0000020623f70000, 0x0000020629f70000)

Polling page: 0x0000020601d20000

Metaspace:

Usage:
  Non-class:     16.11 MB used.
      Class:      2.83 MB used.
       Both:     18.94 MB used.

Virtual space:
  Non-class space:       64.00 MB reserved,      16.25 MB ( 25%) committed,  1 nodes.
      Class space:      832.00 MB reserved,       2.94 MB ( <1%) committed,  1 nodes.
             Both:      896.00 MB reserved,      19.19 MB (  2%) committed. 

Chunk freelists:
   Non-Class:  15.47 MB
       Class:  13.06 MB
        Both:  28.53 MB

MaxMetaspaceSize: 1.00 GB
CompressedClassSpaceSize: 832.00 MB
Initial GC threshold: 21.00 MB
Current GC threshold: 21.00 MB
CDS: on
MetaspaceReclaimPolicy: balanced
 - commit_granule_bytes: 65536.
 - commit_granule_words: 8192.
 - virtual_space_node_default_size: 8388608.
 - enlarge_chunks_in_place: 1.
 - new_chunks_are_fully_committed: 0.
 - uncommit_free_chunks: 1.
 - use_allocation_guard: 0.
 - handle_deallocations: 1.


Internal statistics:

num_allocs_failed_limit: 0.
num_arena_births: 216.
num_arena_deaths: 0.
num_vsnodes_births: 2.
num_vsnodes_deaths: 0.
num_space_committed: 307.
num_space_uncommitted: 0.
num_chunks_returned_to_freelist: 0.
num_chunks_taken_from_freelist: 937.
num_chunk_merges: 0.
num_chunk_splits: 631.
num_chunks_enlarged: 468.
num_inconsistent_stats: 0.

CodeCache: size=262144Kb used=5421Kb max_used=5421Kb free=256722Kb
 bounds [0x000002060bb70000, 0x000002060c0c0000, 0x000002061bb70000]
 total_blobs=3264 nmethods=2725 adapters=466
 compilation: enabled
              stopped_count=0, restarted_count=0
 full_count=0

Compilation events (20 events):
Event: 184.041 Thread 0x000002062c111af0 2728       1       org.gradle.internal.service.DefaultServiceRegistry$OwnServices::instanceRealized (231 bytes)
Event: 184.069 Thread 0x000002062c111af0 nmethod 2728 0x000002060c0b6790 code [0x000002060c0b6b60, 0x000002060c0b8028]
Event: 184.372 Thread 0x000002062c111af0 2729       1       com.google.common.collect.ImmutableSet$RegularSetBuilderImpl::add (68 bytes)
Event: 184.372 Thread 0x000002062c111af0 nmethod 2729 0x000002060c0b8a90 code [0x000002060c0b8ca0, 0x000002060c0b9098]
Event: 184.372 Thread 0x000002062c111af0 2730       1       com.google.common.collect.ImmutableSet$SetBuilderImpl::addDedupedElement (28 bytes)
Event: 184.373 Thread 0x000002062c111af0 nmethod 2730 0x000002060c0b9310 code [0x000002060c0b94e0, 0x000002060c0b97b8]
Event: 184.373 Thread 0x000002062c111af0 2731       1       com.google.common.collect.ImmutableSet$SetBuilderImpl::ensureCapacity (32 bytes)
Event: 184.373 Thread 0x000002062c111af0 nmethod 2731 0x000002060c0b9990 code [0x000002060c0b9b40, 0x000002060c0b9cd8]
Event: 184.578 Thread 0x000002062c111af0 2732       1       com.google.common.collect.Iterators::forArrayWithPosition (26 bytes)
Event: 184.596 Thread 0x000002062c111af0 nmethod 2732 0x000002060c0b9e10 code [0x000002060c0b9fe0, 0x000002060c0ba2e8]
Event: 184.596 Thread 0x000002062c111af0 2733       1       com.google.common.collect.ImmutableEntry::<init> (15 bytes)
Event: 184.596 Thread 0x000002062c111af0 nmethod 2733 0x000002060c0ba490 code [0x000002060c0ba620, 0x000002060c0ba798]
Event: 184.596 Thread 0x000002062c111af0 2734       1       com.google.common.collect.AbstractMapEntry::<init> (5 bytes)
Event: 184.597 Thread 0x000002062c111af0 nmethod 2734 0x000002060c0ba810 code [0x000002060c0ba9a0, 0x000002060c0baa58]
Event: 184.597 Thread 0x000002062c111af0 2735       1       com.google.common.collect.ImmutableMapEntry::<init> (12 bytes)
Event: 184.597 Thread 0x000002062c111af0 nmethod 2735 0x000002060c0bab10 code [0x000002060c0bacc0, 0x000002060c0bae48]
Event: 184.597 Thread 0x000002062c111af0 2736       1       com.google.common.collect.ImmutableMapEntry::isReusable (2 bytes)
Event: 184.597 Thread 0x000002062c111af0 nmethod 2736 0x000002060c0baf10 code [0x000002060c0bb0a0, 0x000002060c0bb178]
Event: 184.634 Thread 0x000002062c111af0 2737       1       java.lang.invoke.BoundMethodHandle::<init> (32 bytes)
Event: 184.634 Thread 0x000002062c111af0 nmethod 2737 0x000002060c0bb210 code [0x000002060c0bb3a0, 0x000002060c0bb488]

GC Heap History (15 events):
Event: 1.632 GC heap before
{Heap before GC invocations=0 (full 0):
 garbage-first heap   total 188416K, used 8192K [0x0000000680000000, 0x0000000800000000)
  region size 4096K, 2 young (8192K), 0 survivors (0K)
 Metaspace       used 523K, committed 640K, reserved 917504K
  class space    used 60K, committed 128K, reserved 851968K
}
Event: 1.686 GC heap after
{Heap after GC invocations=1 (full 0):
 garbage-first heap   total 188416K, used 1035K [0x0000000680000000, 0x0000000800000000)
  region size 4096K, 1 young (4096K), 1 survivors (4096K)
 Metaspace       used 523K, committed 640K, reserved 917504K
  class space    used 60K, committed 128K, reserved 851968K
}
Event: 1.975 GC heap before
{Heap before GC invocations=1 (full 0):
 garbage-first heap   total 188416K, used 5131K [0x0000000680000000, 0x0000000800000000)
  region size 4096K, 2 young (8192K), 1 survivors (4096K)
 Metaspace       used 524K, committed 640K, reserved 917504K
  class space    used 60K, committed 128K, reserved 851968K
}
Event: 1.979 GC heap after
{Heap after GC invocations=2 (full 0):
 garbage-first heap   total 188416K, used 1306K [0x0000000680000000, 0x0000000800000000)
  region size 4096K, 1 young (4096K), 1 survivors (4096K)
 Metaspace       used 524K, committed 640K, reserved 917504K
  class space    used 60K, committed 128K, reserved 851968K
}
Event: 3.329 GC heap before
{Heap before GC invocations=2 (full 0):
 garbage-first heap   total 188416K, used 21786K [0x0000000680000000, 0x0000000800000000)
  region size 4096K, 6 young (24576K), 1 survivors (4096K)
 Metaspace       used 1076K, committed 1216K, reserved 917504K
  class space    used 135K, committed 192K, reserved 851968K
}
Event: 3.338 GC heap after
{Heap after GC invocations=3 (full 0):
 garbage-first heap   total 188416K, used 10190K [0x0000000680000000, 0x0000000800000000)
  region size 4096K, 1 young (4096K), 1 survivors (4096K)
 Metaspace       used 1076K, committed 1216K, reserved 917504K
  class space    used 135K, committed 192K, reserved 851968K
}
Event: 10.805 GC heap before
{Heap before GC invocations=3 (full 0):
 garbage-first heap   total 188416K, used 116686K [0x0000000680000000, 0x0000000800000000)
  region size 4096K, 27 young (110592K), 1 survivors (4096K)
 Metaspace       used 8099K, committed 8320K, reserved 917504K
  class space    used 1231K, committed 1344K, reserved 851968K
}
Event: 10.828 GC heap after
{Heap after GC invocations=4 (full 0):
 garbage-first heap   total 188416K, used 19075K [0x0000000680000000, 0x0000000800000000)
  region size 4096K, 4 young (16384K), 4 survivors (16384K)
 Metaspace       used 8099K, committed 8320K, reserved 917504K
  class space    used 1231K, committed 1344K, reserved 851968K
}
Event: 12.976 GC heap before
{Heap before GC invocations=4 (full 0):
 garbage-first heap   total 188416K, used 51843K [0x0000000680000000, 0x0000000800000000)
  region size 4096K, 12 young (49152K), 4 survivors (16384K)
 Metaspace       used 12518K, committed 12864K, reserved 917504K
  class space    used 1926K, committed 2112K, reserved 851968K
}
Event: 13.041 GC heap after
{Heap after GC invocations=5 (full 0):
 garbage-first heap   total 188416K, used 21939K [0x0000000680000000, 0x0000000800000000)
  region size 4096K, 1 young (4096K), 1 survivors (4096K)
 Metaspace       used 12518K, committed 12864K, reserved 917504K
  class space    used 1926K, committed 2112K, reserved 851968K
}
Event: 179.252 GC heap before
{Heap before GC invocations=5 (full 0):
 garbage-first heap   total 188416K, used 91571K [0x0000000680000000, 0x0000000800000000)
  region size 4096K, 19 young (77824K), 1 survivors (4096K)
 Metaspace       used 18690K, committed 19008K, reserved 917504K
  class space    used 2778K, committed 2944K, reserved 851968K
}
Event: 181.006 GC heap after
{Heap after GC invocations=6 (full 0):
 garbage-first heap   total 188416K, used 23173K [0x0000000680000000, 0x0000000800000000)
  region size 4096K, 1 young (4096K), 1 survivors (4096K)
 Metaspace       used 18690K, committed 19008K, reserved 917504K
  class space    used 2778K, committed 2944K, reserved 851968K
}
Event: 182.869 GC heap before
{Heap before GC invocations=6 (full 0):
 garbage-first heap   total 188416K, used 27269K [0x0000000680000000, 0x0000000800000000)
  region size 4096K, 2 young (8192K), 1 survivors (4096K)
 Metaspace       used 19055K, committed 19328K, reserved 917504K
  class space    used 2839K, committed 2944K, reserved 851968K
}
Event: 182.987 GC heap after
{Heap after GC invocations=7 (full 0):
 garbage-first heap   total 188416K, used 23645K [0x0000000680000000, 0x0000000800000000)
  region size 4096K, 1 young (4096K), 1 survivors (4096K)
 Metaspace       used 19055K, committed 19328K, reserved 917504K
  class space    used 2839K, committed 2944K, reserved 851968K
}
Event: 184.710 GC heap before
{Heap before GC invocations=7 (full 0):
 garbage-first heap   total 188416K, used 27741K [0x0000000680000000, 0x0000000800000000)
  region size 4096K, 2 young (8192K), 1 survivors (4096K)
 Metaspace       used 19398K, committed 19648K, reserved 917504K
  class space    used 2901K, committed 3008K, reserved 851968K
}

Dll operation events (15 events):
Event: 0.059 Loaded shared library C:\Users\DELL\.gradle\jdks\eclipse_adoptium-17-amd64-windows.2\bin\java.dll
Event: 0.167 Loaded shared library C:\Users\DELL\.gradle\jdks\eclipse_adoptium-17-amd64-windows.2\bin\jsvml.dll
Event: 0.575 Loaded shared library C:\Users\DELL\.gradle\jdks\eclipse_adoptium-17-amd64-windows.2\bin\zip.dll
Event: 0.588 Loaded shared library C:\Users\DELL\.gradle\jdks\eclipse_adoptium-17-amd64-windows.2\bin\instrument.dll
Event: 0.613 Loaded shared library C:\Users\DELL\.gradle\jdks\eclipse_adoptium-17-amd64-windows.2\bin\net.dll
Event: 0.621 Loaded shared library C:\Users\DELL\.gradle\jdks\eclipse_adoptium-17-amd64-windows.2\bin\nio.dll
Event: 0.630 Loaded shared library C:\Users\DELL\.gradle\jdks\eclipse_adoptium-17-amd64-windows.2\bin\zip.dll
Event: 2.522 Loaded shared library C:\Users\DELL\.gradle\jdks\eclipse_adoptium-17-amd64-windows.2\bin\jimage.dll
Event: 3.599 Loaded shared library C:\Users\DELL\.gradle\jdks\eclipse_adoptium-17-amd64-windows.2\bin\verify.dll
Event: 3.693 Loaded shared library C:\Users\DELL\.gradle\native\660c5614fbf4a5f2a75b1949f50a0caf5cd603558e7d8a26e50b933a0cfb79d1\windows-amd64\native-platform.dll
Event: 3.713 Loaded shared library C:\Users\DELL\.gradle\native\0.2.8\x86_64-windows-gnu\gradle-fileevents.dll
Event: 7.683 Loaded shared library C:\Users\DELL\.gradle\jdks\eclipse_adoptium-17-amd64-windows.2\bin\management.dll
Event: 7.690 Loaded shared library C:\Users\DELL\.gradle\jdks\eclipse_adoptium-17-amd64-windows.2\bin\management_ext.dll
Event: 9.739 Loaded shared library C:\Users\DELL\.gradle\jdks\eclipse_adoptium-17-amd64-windows.2\bin\extnet.dll
Event: 11.067 Loaded shared library C:\Users\DELL\.gradle\jdks\eclipse_adoptium-17-amd64-windows.2\bin\sunmscapi.dll

Deoptimization events (0 events):
No events

Classes loaded (20 events):
Event: 172.150 Loading class java/util/concurrent/atomic/AtomicReferenceFieldUpdater$AtomicReferenceFieldUpdaterImpl
Event: 172.151 Loading class java/util/concurrent/atomic/AtomicReferenceFieldUpdater$AtomicReferenceFieldUpdaterImpl done
Event: 172.151 Loading class java/util/concurrent/atomic/AtomicReferenceFieldUpdater$AtomicReferenceFieldUpdaterImpl$1
Event: 172.151 Loading class java/util/concurrent/atomic/AtomicReferenceFieldUpdater$AtomicReferenceFieldUpdaterImpl$1 done
Event: 172.152 Loading class sun/reflect/misc/ReflectUtil
Event: 172.154 Loading class sun/reflect/misc/ReflectUtil done
Event: 172.238 Loading class java/lang/ThreadLocal$SuppliedThreadLocal
Event: 172.239 Loading class java/lang/ThreadLocal$SuppliedThreadLocal done
Event: 182.838 Loading class javax/xml/parsers/ParserConfigurationException
Event: 182.839 Loading class javax/xml/parsers/ParserConfigurationException done
Event: 182.839 Loading class org/xml/sax/SAXException
Event: 182.839 Loading class org/xml/sax/SAXException done
Event: 182.839 Loading class javax/xml/xpath/XPathExpressionException
Event: 182.849 Loading class javax/xml/xpath/XPathException
Event: 182.849 Loading class javax/xml/xpath/XPathException done
Event: 182.849 Loading class javax/xml/xpath/XPathExpressionException done
Event: 182.849 Loading class org/xml/sax/ErrorHandler
Event: 182.849 Loading class org/xml/sax/ErrorHandler done
Event: 183.044 Loading class java/nio/file/AtomicMoveNotSupportedException
Event: 183.044 Loading class java/nio/file/AtomicMoveNotSupportedException done

Classes unloaded (0 events):
No events

Classes redefined (0 events):
No events

Internal exceptions (20 events):
Event: 11.972 Thread 0x0000020666a38520 Exception <a 'java/lang/NoSuchMethodError'{0x000000068aad7858}: 'void java.lang.invoke.DirectMethodHandle$Holder.invokeStatic(java.lang.Object, java.lang.Object)'> (0x000000068aad7858) 
thrown [s\src\hotspot\share\interpreter\linkResolver.cpp, line 759]
Event: 12.131 Thread 0x0000020666a38520 Exception <a 'java/lang/NoSuchMethodError'{0x000000068a5d35b8}: 'int java.lang.invoke.DirectMethodHandle$Holder.invokeVirtual(java.lang.Object, java.lang.Object, java.lang.Object)'> (0x000000068a5d35b8) 
thrown [s\src\hotspot\share\interpreter\linkResolver.cpp, line 759]
Event: 12.297 Thread 0x0000020666a38520 Exception <a 'java/lang/NoSuchMethodError'{0x000000068a0d6670}: 'java.lang.Object java.lang.invoke.DirectMethodHandle$Holder.newInvokeSpecial(java.lang.Object, java.lang.Object, java.lang.Object, java.lang.Object, java.lang.Object, java.lang.Object)'> (0x000000068a0d6670) 
thrown [s\src\hotspot\share\interpreter\linkResolver.cpp, line 759]
Event: 12.498 Thread 0x0000020666a38520 Exception <a 'java/lang/NoSuchMethodError'{0x0000000689c11da8}: 'void java.lang.invoke.DelegatingMethodHandle$Holder.reinvoke_L(java.lang.Object, java.lang.Object, java.lang.Object, java.lang.Object, java.lang.Object, java.lang.Object, java.lang.Object, java.lang.Object, java.lang.Object, java.lang.Object)'> (0x0000000689c11da8) 
thrown [s\src\hotspot\share\interpreter\linkResolver.cpp, line 759]
Event: 12.499 Thread 0x0000020666a38520 Exception <a 'java/lang/NoSuchMethodError'{0x0000000689c1a358}: 'java.lang.Object java.lang.invoke.DirectMethodHandle$Holder.invokeSpecial(java.lang.Object, java.lang.Object, java.lang.Object, java.lang.Object, java.lang.Object, java.lang.Object, java.lang.Object, java.lang.Object, java.lang.Object, java.lang.Object)'> (0x0000000689c1a358) 
thrown [s\src\hotspot\share\interpreter\linkResolver.cpp, line 759]
Event: 12.500 Thread 0x0000020666a38520 Exception <a 'java/lang/NoSuchMethodError'{0x0000000689c1ec28}: 'java.lang.Object java.lang.invoke.Invokers$Holder.invoker(java.lang.Object, java.lang.Object, java.lang.Object, java.lang.Object, java.lang.Object, java.lang.Object, java.lang.Object, java.lang.Object, java.lang.Object, java.lang.Object)'> (0x0000000689c1ec28) 
thrown [s\src\hotspot\share\interpreter\linkResolver.cpp, line 759]
Event: 12.500 Thread 0x0000020666a38520 Exception <a 'java/lang/NoSuchMethodError'{0x0000000689c24830}: 'java.lang.Object java.lang.invoke.DirectMethodHandle$Holder.invokeSpecial(java.lang.Object, java.lang.Object, java.lang.Object, java.lang.Object, java.lang.Object, java.lang.Object, java.lang.Object, java.lang.Object, java.lang.Object, java.lang.Object, java.lang.Object)'> (0x0000000689c24830) 
thrown [s\src\hotspot\share\interpreter\linkResolver.cpp, line 759]
Event: 13.203 Thread 0x0000020666a38520 Exception <a 'java/lang/NoSuchMethodError'{0x000000068b671b30}: 'java.lang.Object java.lang.invoke.DirectMethodHandle$Holder.newInvokeSpecial(java.lang.Object, java.lang.Object, int)'> (0x000000068b671b30) 
thrown [s\src\hotspot\share\interpreter\linkResolver.cpp, line 759]
Event: 14.145 Thread 0x0000020666a38520 Exception <a 'java/lang/NoSuchMethodError'{0x000000068b1aacb8}: 'int java.lang.invoke.DirectMethodHandle$Holder.invokeStatic(java.lang.Object, java.lang.Object, int)'> (0x000000068b1aacb8) 
thrown [s\src\hotspot\share\interpreter\linkResolver.cpp, line 759]
Event: 135.090 Thread 0x0000020666a38520 Exception <a 'java/lang/NoSuchMethodError'{0x0000000689cf3e98}: 'void java.lang.invoke.DirectMethodHandle$Holder.invokeStatic(java.lang.Object, java.lang.Object, java.lang.Object, java.lang.Object)'> (0x0000000689cf3e98) 
thrown [s\src\hotspot\share\interpreter\linkResolver.cpp, line 759]
Event: 135.092 Thread 0x0000020666a38520 Exception <a 'java/lang/NoSuchMethodError'{0x0000000689cf8338}: 'void java.lang.invoke.DirectMethodHandle$Holder.invokeStaticInit(java.lang.Object, java.lang.Object, java.lang.Object, java.lang.Object)'> (0x0000000689cf8338) 
thrown [s\src\hotspot\share\interpreter\linkResolver.cpp, line 759]
Event: 135.256 Thread 0x0000020666a38520 Exception <a 'java/lang/NoSuchMethodError'{0x0000000689d6ae58}: 'java.lang.Object java.lang.invoke.DirectMethodHandle$Holder.invokeInterface(java.lang.Object, java.lang.Object, java.lang.Object)'> (0x0000000689d6ae58) 
thrown [s\src\hotspot\share\interpreter\linkResolver.cpp, line 759]
Event: 135.417 Thread 0x0000020666a38520 Exception <a 'java/lang/NoSuchMethodError'{0x0000000689e6cd00}: 'int java.lang.invoke.DirectMethodHandle$Holder.invokeSpecialIFC(java.lang.Object, java.lang.Object, java.lang.Object, java.lang.Object)'> (0x0000000689e6cd00) 
thrown [s\src\hotspot\share\interpreter\linkResolver.cpp, line 759]
Event: 135.427 Thread 0x0000020666a38520 Exception <a 'java/lang/IncompatibleClassChangeError'{0x0000000689e7bae8}: Found class java.lang.Object, but interface was expected> (0x0000000689e7bae8) 
thrown [s\src\hotspot\share\interpreter\linkResolver.cpp, line 826]
Event: 171.227 Thread 0x0000020666a38520 Exception <a 'java/lang/NoSuchMethodError'{0x0000000687e7a648}: 'int java.lang.invoke.DirectMethodHandle$Holder.invokeStaticInit(java.lang.Object, java.lang.Object, java.lang.Object)'> (0x0000000687e7a648) 
thrown [s\src\hotspot\share\interpreter\linkResolver.cpp, line 759]
Event: 171.904 Thread 0x0000020666a38520 Exception <a 'java/lang/NoSuchMethodError'{0x0000000687a04f60}: 'int java.lang.invoke.DirectMethodHandle$Holder.invokeStatic(java.lang.Object, java.lang.Object, java.lang.Object, java.lang.Object)'> (0x0000000687a04f60) 
thrown [s\src\hotspot\share\interpreter\linkResolver.cpp, line 759]
Event: 171.907 Thread 0x0000020666a38520 Exception <a 'java/lang/NoSuchMethodError'{0x0000000687a08b88}: 'java.lang.Object java.lang.invoke.Invokers$Holder.invokeExact_MT(java.lang.Object, java.lang.Object, java.lang.Object, java.lang.Object, java.lang.Object, java.lang.Object)'> (0x0000000687a08b88) 
thrown [s\src\hotspot\share\interpreter\linkResolver.cpp, line 759]
Event: 181.493 Thread 0x0000020666a38520 Exception <a 'java/lang/NoSuchMethodError'{0x000000068b50d0b8}: 'void java.lang.invoke.DirectMethodHandle$Holder.invokeSpecial(java.lang.Object, java.lang.Object, java.lang.Object, java.lang.Object, java.lang.Object)'> (0x000000068b50d0b8) 
thrown [s\src\hotspot\share\interpreter\linkResolver.cpp, line 759]
Event: 181.570 Thread 0x0000020666a38520 Exception <a 'java/lang/NoSuchMethodError'{0x000000068b514a38}: 'java.lang.Object java.lang.invoke.Invokers$Holder.invoker(java.lang.Object, java.lang.Object, java.lang.Object, java.lang.Object)'> (0x000000068b514a38) 
thrown [s\src\hotspot\share\interpreter\linkResolver.cpp, line 759]
Event: 183.617 Thread 0x0000020666a38520 Exception <a 'java/lang/NoSuchMethodError'{0x000000068b5f3c18}: 'java.lang.Object java.lang.invoke.DirectMethodHandle$Holder.invokeVirtual(java.lang.Object, java.lang.Object, java.lang.Object, java.lang.Object)'> (0x000000068b5f3c18) 
thrown [s\src\hotspot\share\interpreter\linkResolver.cpp, line 759]

VM Operations (20 events):
Event: 162.695 Executing VM operation: Cleanup done
Event: 165.645 Executing VM operation: HandshakeAllThreads
Event: 165.654 Executing VM operation: HandshakeAllThreads done
Event: 168.674 Executing VM operation: Cleanup
Event: 168.674 Executing VM operation: Cleanup done
Event: 170.699 Executing VM operation: Cleanup
Event: 170.700 Executing VM operation: Cleanup done
Event: 171.706 Executing VM operation: Cleanup
Event: 171.786 Executing VM operation: Cleanup done
Event: 172.868 Executing VM operation: Cleanup
Event: 172.885 Executing VM operation: Cleanup done
Event: 179.252 Executing VM operation: G1CollectForAllocation
Event: 181.026 Executing VM operation: G1CollectForAllocation done
Event: 182.029 Executing VM operation: Cleanup
Event: 182.045 Executing VM operation: Cleanup done
Event: 182.869 Executing VM operation: G1CollectForAllocation
Event: 182.987 Executing VM operation: G1CollectForAllocation done
Event: 183.987 Executing VM operation: Cleanup
Event: 183.987 Executing VM operation: Cleanup done
Event: 184.710 Executing VM operation: G1CollectForAllocation

Memory protections (0 events):
No events

Nmethod flushes (0 events):
No events

Events (20 events):
Event: 0.450 Thread 0x0000020603febc10 Thread added: 0x000002062c16e240
Event: 0.468 Thread 0x000002062c111af0 Thread added: 0x000002062c1f9b20
Event: 0.695 Thread 0x0000020603febc10 Thread added: 0x000002062c25ee10
Event: 5.572 Thread 0x000002062c1f9b20 Thread exited: 0x000002062c1f9b20
Event: 7.778 Thread 0x0000020603febc10 Thread added: 0x000002066694afa0
Event: 10.554 Thread 0x0000020603febc10 Thread added: 0x0000020666a534a0
Event: 10.804 Thread 0x0000020603febc10 Thread added: 0x00000206669d35e0
Event: 11.151 Thread 0x0000020666a534a0 Thread added: 0x0000020666a64610
Event: 11.209 Thread 0x0000020666a64610 Thread added: 0x0000020666b14010
Event: 11.313 Thread 0x0000020666a64610 Thread added: 0x0000020666a38040
Event: 11.332 Thread 0x0000020666a64610 Thread added: 0x0000020666a38520
Event: 11.358 Thread 0x0000020666a38520 Thread added: 0x000002062cd28400
Event: 11.367 Thread 0x0000020666a38520 Thread added: 0x000002062cd26fc0
Event: 11.385 Thread 0x0000020666a38520 Thread added: 0x000002062cd28910
Event: 13.133 Thread 0x0000020666a38520 Thread added: 0x000002062cd28e20
Event: 13.226 Thread 0x0000020666a38520 Thread added: 0x000002062cd29330
Event: 14.066 Thread 0x000002062cd29330 Thread added: 0x000002062cd26ab0
Event: 14.214 Thread 0x0000020666a38520 Thread added: 0x000002062cd29840
Event: 74.097 Thread 0x000002062cd26ab0 Thread exited: 0x000002062cd26ab0
Event: 131.143 Thread 0x000002062cd29330 Thread added: 0x000002062cd26090


Dynamic libraries:
0x00007ff6f2cb0000 - 0x00007ff6f2cbe000 	C:\Users\DELL\.gradle\jdks\eclipse_adoptium-17-amd64-windows.2\bin\java.exe
0x00007ffdfc460000 - 0x00007ffdfc6c7000 	C:\WINDOWS\SYSTEM32\ntdll.dll
0x00007ffdfaf70000 - 0x00007ffdfb03b000 	C:\WINDOWS\System32\KERNEL32.DLL
0x00007ffdf9a90000 - 0x00007ffdf9e91000 	C:\WINDOWS\System32\KERNELBASE.dll
0x00007ffdf9f60000 - 0x00007ffdfa0ac000 	C:\WINDOWS\System32\ucrtbase.dll
0x00007ffde9a30000 - 0x00007ffde9a48000 	C:\Users\DELL\.gradle\jdks\eclipse_adoptium-17-amd64-windows.2\bin\jli.dll
0x00007ffde9810000 - 0x00007ffde982e000 	C:\Users\DELL\.gradle\jdks\eclipse_adoptium-17-amd64-windows.2\bin\VCRUNTIME140.dll
0x00007ffdfb080000 - 0x00007ffdfb257000 	C:\WINDOWS\System32\USER32.dll
0x00007ffdf9930000 - 0x00007ffdf9957000 	C:\WINDOWS\System32\win32u.dll
0x00007ffdfb8d0000 - 0x00007ffdfb8fb000 	C:\WINDOWS\System32\GDI32.dll
0x00007ffdf9960000 - 0x00007ffdf9a88000 	C:\WINDOWS\System32\gdi32full.dll
0x00007ffdf9880000 - 0x00007ffdf9923000 	C:\WINDOWS\System32\msvcp_win.dll
0x00007ffde7e00000 - 0x00007ffde8090000 	C:\WINDOWS\WinSxS\amd64_microsoft.windows.common-controls_6595b64144ccf1df_6.0.26100.9549_none_3e0a0396e3330090\COMCTL32.dll
0x00007ffdfb990000 - 0x00007ffdfba39000 	C:\WINDOWS\System32\msvcrt.dll
0x00007ffdfb040000 - 0x00007ffdfb071000 	C:\WINDOWS\System32\IMM32.DLL
0x00007ffde9ec0000 - 0x00007ffde9ecc000 	C:\Users\DELL\.gradle\jdks\eclipse_adoptium-17-amd64-windows.2\bin\vcruntime140_1.dll
0x00007ffddd020000 - 0x00007ffddd0ad000 	C:\Users\DELL\.gradle\jdks\eclipse_adoptium-17-amd64-windows.2\bin\msvcp140.dll
0x00007ffd55fa0000 - 0x00007ffd56c0c000 	C:\Users\DELL\.gradle\jdks\eclipse_adoptium-17-amd64-windows.2\bin\server\jvm.dll
0x00007ffdfa400000 - 0x00007ffdfa4bb000 	C:\WINDOWS\System32\ADVAPI32.dll
0x00007ffdfa180000 - 0x00007ffdfa228000 	C:\WINDOWS\System32\sechost.dll
0x00007ffdfa2e0000 - 0x00007ffdfa3f8000 	C:\WINDOWS\System32\RPCRT4.dll
0x00007ffdfae40000 - 0x00007ffdfaec1000 	C:\WINDOWS\System32\WS2_32.dll
0x00007ffdf94b0000 - 0x00007ffdf950e000 	C:\WINDOWS\SYSTEM32\POWRPROF.dll
0x00007ffdf1130000 - 0x00007ffdf1167000 	C:\WINDOWS\SYSTEM32\WINMM.dll
0x00007ffdf1170000 - 0x00007ffdf117b000 	C:\WINDOWS\SYSTEM32\VERSION.dll
0x00007ffdf9490000 - 0x00007ffdf94a5000 	C:\WINDOWS\SYSTEM32\UMPDC.dll
0x00007ffdf82c0000 - 0x00007ffdf82db000 	C:\WINDOWS\SYSTEM32\kernel.appcore.dll
0x00007ffde9d10000 - 0x00007ffde9d1a000 	C:\Users\DELL\.gradle\jdks\eclipse_adoptium-17-amd64-windows.2\bin\jimage.dll
0x00007ffdf0560000 - 0x00007ffdf07ac000 	C:\WINDOWS\SYSTEM32\DBGHELP.DLL
0x00007ffdfb2c0000 - 0x00007ffdfb64a000 	C:\WINDOWS\System32\combase.dll
0x00007ffdfaa60000 - 0x00007ffdfab39000 	C:\WINDOWS\System32\OLEAUT32.dll
0x00007ffde8600000 - 0x00007ffde863b000 	C:\WINDOWS\SYSTEM32\dbgcore.DLL
0x00007ffdfa0c0000 - 0x00007ffdfa16c000 	C:\WINDOWS\System32\bcryptPrimitives.dll
0x00007ffde9b40000 - 0x00007ffde9b4e000 	C:\Users\DELL\.gradle\jdks\eclipse_adoptium-17-amd64-windows.2\bin\instrument.dll
0x00007ffde4960000 - 0x00007ffde4985000 	C:\Users\DELL\.gradle\jdks\eclipse_adoptium-17-amd64-windows.2\bin\java.dll
0x00007ffdb2350000 - 0x00007ffdb2427000 	C:\Users\DELL\.gradle\jdks\eclipse_adoptium-17-amd64-windows.2\bin\jsvml.dll
0x00007ffdfbad0000 - 0x00007ffdfc26c000 	C:\WINDOWS\System32\SHELL32.dll
0x00007ffdf7060000 - 0x00007ffdf790d000 	C:\WINDOWS\SYSTEM32\windows.storage.dll
0x00007ffdfa950000 - 0x00007ffdfaa49000 	C:\WINDOWS\System32\SHCORE.dll
0x00007ffdfa230000 - 0x00007ffdfa296000 	C:\WINDOWS\System32\shlwapi.dll
0x00007ffdf9570000 - 0x00007ffdf9599000 	C:\WINDOWS\SYSTEM32\profapi.dll
0x00007ffde4940000 - 0x00007ffde4958000 	C:\Users\DELL\.gradle\jdks\eclipse_adoptium-17-amd64-windows.2\bin\zip.dll
0x00007ffde4920000 - 0x00007ffde493a000 	C:\Users\DELL\.gradle\jdks\eclipse_adoptium-17-amd64-windows.2\bin\net.dll
0x00007ffdf2f60000 - 0x00007ffdf308a000 	C:\WINDOWS\SYSTEM32\WINHTTP.dll
0x00007ffdf8860000 - 0x00007ffdf88cc000 	C:\WINDOWS\system32\mswsock.dll
0x00007ffde3e10000 - 0x00007ffde3e26000 	C:\Users\DELL\.gradle\jdks\eclipse_adoptium-17-amd64-windows.2\bin\nio.dll
0x00007ffde7760000 - 0x00007ffde7770000 	C:\Users\DELL\.gradle\jdks\eclipse_adoptium-17-amd64-windows.2\bin\verify.dll
0x00007ffde7cf0000 - 0x00007ffde7d17000 	C:\Users\DELL\.gradle\native\660c5614fbf4a5f2a75b1949f50a0caf5cd603558e7d8a26e50b933a0cfb79d1\windows-amd64\native-platform.dll
0x00007ffddcaf0000 - 0x00007ffddcb67000 	C:\Users\DELL\.gradle\native\0.2.8\x86_64-windows-gnu\gradle-fileevents.dll
0x00007ffdde910000 - 0x00007ffdde91a000 	C:\Users\DELL\.gradle\jdks\eclipse_adoptium-17-amd64-windows.2\bin\management.dll
0x00007ffddd400000 - 0x00007ffddd40c000 	C:\Users\DELL\.gradle\jdks\eclipse_adoptium-17-amd64-windows.2\bin\management_ext.dll
0x00007ffdfaa50000 - 0x00007ffdfaa58000 	C:\WINDOWS\System32\PSAPI.DLL
0x00007ffdf7c70000 - 0x00007ffdf7ca3000 	C:\WINDOWS\SYSTEM32\IPHLPAPI.DLL
0x00007ffdfaf60000 - 0x00007ffdfaf6a000 	C:\WINDOWS\System32\NSI.dll
0x00007ffdf3bd0000 - 0x00007ffdf3bee000 	C:\WINDOWS\SYSTEM32\dhcpcsvc6.DLL
0x00007ffdf3b20000 - 0x00007ffdf3b45000 	C:\WINDOWS\SYSTEM32\dhcpcsvc.DLL
0x00007ffdf7cb0000 - 0x00007ffdf7e08000 	C:\WINDOWS\SYSTEM32\DNSAPI.dll
0x00007ffdf8680000 - 0x00007ffdf868d000 	C:\WINDOWS\SYSTEM32\DSPARSE.dll
0x00007ffddd3f0000 - 0x00007ffddd3f9000 	C:\Users\DELL\.gradle\jdks\eclipse_adoptium-17-amd64-windows.2\bin\extnet.dll
0x00007ffdf8ca0000 - 0x00007ffdf8cbb000 	C:\WINDOWS\SYSTEM32\CRYPTSP.dll
0x00007ffdf8220000 - 0x00007ffdf8259000 	C:\WINDOWS\system32\rsaenh.dll
0x00007ffdf8910000 - 0x00007ffdf8944000 	C:\WINDOWS\SYSTEM32\USERENV.dll
0x00007ffdf9540000 - 0x00007ffdf956a000 	C:\WINDOWS\SYSTEM32\bcrypt.dll
0x00007ffdf8ac0000 - 0x00007ffdf8acc000 	C:\WINDOWS\SYSTEM32\CRYPTBASE.dll
0x00007ffddd3e0000 - 0x00007ffddd3ee000 	C:\Users\DELL\.gradle\jdks\eclipse_adoptium-17-amd64-windows.2\bin\sunmscapi.dll
0x00007ffdf9660000 - 0x00007ffdf97df000 	C:\WINDOWS\System32\CRYPT32.dll
0x00007ffdf8e10000 - 0x00007ffdf8e40000 	C:\WINDOWS\SYSTEM32\ncrypt.dll
0x00007ffdf8dc0000 - 0x00007ffdf8dff000 	C:\WINDOWS\SYSTEM32\NTASN1.dll
0x00007ffdbfe80000 - 0x00007ffdbfe88000 	C:\WINDOWS\system32\wshunix.dll

dbghelp: loaded successfully - version: 4.0.5 - missing functions: none
symbol engine: initialized successfully - sym options: 0x614 - pdb path: .;C:\Users\DELL\.gradle\jdks\eclipse_adoptium-17-amd64-windows.2\bin;C:\WINDOWS\SYSTEM32;C:\WINDOWS\WinSxS\amd64_microsoft.windows.common-controls_6595b64144ccf1df_6.0.26100.9549_none_3e0a0396e3330090;C:\Users\DELL\.gradle\jdks\eclipse_adoptium-17-amd64-windows.2\bin\server;C:\Users\DELL\.gradle\native\660c5614fbf4a5f2a75b1949f50a0caf5cd603558e7d8a26e50b933a0cfb79d1\windows-amd64;C:\Users\DELL\.gradle\native\0.2.8\x86_64-windows-gnu

VM Arguments:
jvm_args: --add-opens=java.base/java.lang=ALL-UNNAMED --add-opens=java.base/java.lang.invoke=ALL-UNNAMED --add-opens=java.base/java.util=ALL-UNNAMED --add-opens=java.prefs/java.util.prefs=ALL-UNNAMED --add-exports=jdk.compiler/com.sun.tools.javac.api=ALL-UNNAMED --add-exports=jdk.compiler/com.sun.tools.javac.util=ALL-UNNAMED --add-opens=java.base/java.util=ALL-UNNAMED --add-opens=java.prefs/java.util.prefs=ALL-UNNAMED --add-opens=java.base/java.nio.charset=ALL-UNNAMED --add-opens=java.base/java.net=ALL-UNNAMED --add-opens=java.base/java.util.concurrent=ALL-UNNAMED --add-opens=java.base/java.util.concurrent.atomic=ALL-UNNAMED --add-opens=java.xml/javax.xml.namespace=ALL-UNNAMED --add-opens=java.base/java.time=ALL-UNNAMED -XX:MaxMetaspaceSize=1024m -XX:ReservedCodeCacheSize=256m -XX:ActiveProcessorCount=2 -XX:CICompilerCount=2 -XX:TieredStopAtLevel=1 -Xss1m -Xmx6144m -Dfile.encoding=UTF-8 -Duser.country=US -Duser.language=en -Duser.variant -javaagent:C:\Users\DELL\.gradle\wrapper\dists\gradle-9.3.1-bin\23ovyewtku6u96viwx3xl3oks\gradle-9.3.1\lib\agents\gradle-instrumentation-agent-9.3.1.jar 
java_command: org.gradle.launcher.daemon.bootstrap.GradleDaemon 9.3.1
java_class_path (initial): C:\Users\DELL\.gradle\wrapper\dists\gradle-9.3.1-bin\23ovyewtku6u96viwx3xl3oks\gradle-9.3.1\lib\gradle-daemon-main-9.3.1.jar
Launcher Type: SUN_STANDARD

[Global flags]
      int ActiveProcessorCount                     = 2                                         {product} {command line}
     intx CICompilerCount                          = 2                                         {product} {command line}
   size_t CompressedClassSpaceSize                 = 872415232                                 {product} {ergonomic}
     uint ConcGCThreads                            = 1                                         {product} {ergonomic}
     uint G1ConcRefinementThreads                  = 2                                         {product} {ergonomic}
   size_t G1HeapRegionSize                         = 4194304                                   {product} {ergonomic}
    uintx GCDrainStackTargetSize                   = 64                                        {product} {ergonomic}
   size_t InitialHeapSize                          = 192937984                                 {product} {ergonomic}
   size_t MarkStackSize                            = 4194304                                   {product} {ergonomic}
   size_t MaxHeapSize                              = 6442450944                                {product} {command line}
   size_t MaxMetaspaceSize                         = 1073741824                                {product} {command line}
   size_t MaxNewSize                               = 3862953984                                {product} {ergonomic}
   size_t MinHeapDeltaBytes                        = 4194304                                   {product} {ergonomic}
   size_t MinHeapSize                              = 8388608                                   {product} {ergonomic}
    uintx NonProfiledCodeHeapSize                  = 0                                      {pd product} {ergonomic}
     bool ProfileInterpreter                       = false                                  {pd product} {command line}
    uintx ProfiledCodeHeapSize                     = 0                                      {pd product} {ergonomic}
    uintx ReservedCodeCacheSize                    = 268435456                              {pd product} {command line}
   size_t SoftMaxHeapSize                          = 6442450944                             {manageable} {ergonomic}
   double SweeperThreshold                         = 0.468750                                  {product} {ergonomic}
     intx ThreadStackSize                          = 1024                                   {pd product} {command line}
     intx TieredStopAtLevel                        = 1                                         {product} {command line}
     bool UseCompressedClassPointers               = true                           {product lp64_product} {ergonomic}
     bool UseCompressedOops                        = true                           {product lp64_product} {ergonomic}
     bool UseG1GC                                  = true                                      {product} {ergonomic}
     bool UseLargePagesIndividualAllocation        = false                                  {pd product} {ergonomic}

Logging:
Log output configuration:
 #0: stdout all=warning uptime,level,tags
 #1: stderr all=off uptime,level,tags

Environment Variables:
JAVA_HOME=C:\Program Files\Android\Android Studio\jbr
PATH=C:\Python314\Scripts\;C:\Python314\;C:\WINDOWS\system32;C:\WINDOWS;C:\WINDOWS\System32\Wbem;C:\WINDOWS\System32\WindowsPowerShell\v1.0\;C:\WINDOWS\System32\OpenSSH\;C:\Program Files\nodejs\;C:\ProgramData\chocolatey\bin;C:\Program Files\dotnet\;C:\Program Files\Git\cmd;C:\Users\DELL\AppData\Local\Microsoft\WindowsApps;C:\Users\DELL\AppData\Local\Programs\Microsoft VS Code\bin;C:\Users\DELL\AppData\Roaming\npm;;C:\Program Files\Android\Android Studio\jbr\bin;C:\Users\DELL\AppData\Local\Android\Sdk\platform-tools;C:\Users\DELL\AppData\Local\Android\Sdk\emulator;C:\Users\DELL\AppData\Local\Android\Sdk\cmdline-tools\latest\bin;C:\Users\DELL\AppData\Local\Microsoft\WinGet\Packages\LiveKit.LiveKitCLI_Microsoft.Winget.Source_8wekyb3d8bbwe;C:\Users\DELL\AppData\Local\Programs\Antigravity IDE\bin
USERNAME=DELL
OS=Windows_NT
PROCESSOR_IDENTIFIER=AMD64 Family 25 Model 80 Stepping 0, AuthenticAMD
TMP=C:\Users\DELL\AppData\Local\Temp
TEMP=C:\Users\DELL\AppData\Local\Temp



Periodic native trim disabled


---------------  S Y S T E M  ---------------

OS:
 Windows 11 , 64 bit Build 26100 (10.0.26100.9549)
OS uptime: 9 days 4:14 hours
Hyper-V role detected

CPU: total 12 (initial active 2) (12 cores per cpu, 2 threads per core) family 25 model 80 stepping 0 microcode 0xa500014, cx8, cmov, fxsr, ht, mmx, 3dnowpref, sse, sse2, sse3, ssse3, sse4a, sse4.1, sse4.2, popcnt, lzcnt, tsc, tscinvbit, avx, avx2, aes, erms, clmul, bmi1, bmi2, adx, sha, fma, vzeroupper, clflush, clflushopt, hv
Processor Information for all 12 processors :
  Max Mhz: 2301, Current Mhz: 1904, Mhz Limit: 2301

Memory: 4k page, system-wide physical 11624M (639M free)
TotalPageFile size 48488M (AvailPageFile size 39M)
current process WorkingSet (physical memory assigned to process): 76M, peak: 190M
current process commit charge ("private bytes"): 300M, peak: 359M

vm_info: OpenJDK 64-Bit Server VM (17.0.19+10) for windows-amd64 JRE (17.0.19+10), built on Apr 25 2026 08:04:44 by "admin" with MS VC++ 17.12 (VS2022)

END.
