
> @indiery/customer@1.0.0 start
> expo start --clear --port 8081

Starting project at C:\Users\DELL\OneDrive\Desktop\indiery\apps\customer
Expo Autolinking module resolution enabled
Starting Metro Bundler

warning: Bundler cache is empty, rebuilding (this may take a minute)
Waiting on http://localhost:8081
Logs for your project will appear below.
Android Bundled 10577ms apps\customer\index.ts (975 modules)
 WARN  This method is deprecated (as well as all React Native Firebase namespaced API) and will be removed in the next major release as part of move to match Firebase Web modular SDK API. Please see migration guide for more details: https://rnfirebase.io/migrating-to-v22 Please use `getApp()` instead.
 INFO  Launching DevTools...
[debugger-shell stdout] 

Android Bundled 38ms apps\customer\index.ts (1 module)
 WARN  This method is deprecated (as well as all React Native Firebase namespaced API) and will be removed in the next major release as part of move to match Firebase Web modular SDK API. Please see migration guide for more details: https://rnfirebase.io/migrating-to-v22 Please use `getApp()` instead.
 WARN  This method is deprecated (as well as all React Native Firebase namespaced API) and will be removed in the next major release as part of move to match Firebase Web modular SDK API. Please see migration guide for more details: https://rnfirebase.io/migrating-to-v22 Please use `getApp()` instead.
 WARN  This method is deprecated (as well as all React Native Firebase namespaced API) and will be removed in the next major release as part of move to match Firebase Web modular SDK API. Please see migration guide for more details: https://rnfirebase.io/migrating-to-v22. Method called was `signInWithPhoneNumber`. Please use `signInWithPhoneNumber()` instead.
 WARN  This method is deprecated (as well as all React Native Firebase namespaced API) and will be removed in the next major release as part of move to match Firebase Web modular SDK API. Please see migration guide for more details: https://rnfirebase.io/migrating-to-v22. Method called was `getIdToken`. Please use `getIdToken()` instead.
 ERROR  expo-notifications: Custom sound 'default' not found in native app. Make sure the sound file (e.g. 'custom_sound.wav') is included in the expo-notifications config plugin sounds array in app config.
Android Bundled 54ms apps\customer\index.ts (1 module)
 WARN  [expo-notifications] Error thrown while updating the device push token with the server: [Error: fetch failed: Fetch request has been canceled]
 WARN  This method is deprecated (as well as all React Native Firebase namespaced API) and will be removed in the next major release as part of move to match Firebase Web modular SDK API. Please see migration guide for more details: https://rnfirebase.io/migrating-to-v22 Please use `getApp()` instead.
 WARN  This method is deprecated (as well as all React Native Firebase namespaced API) and will be removed in the next major release as part of move to match Firebase Web modular SDK API. Please see migration guide for more details: https://rnfirebase.io/migrating-to-v22. Method called was `getIdToken`. Please use `getIdToken()` instead.
 ERROR  expo-notifications: Custom sound 'default' not found in native app. Make sure the sound file (e.g. 'custom_sound.wav') is included in the expo-notifications config plugin sounds array in app config.
Android Bundled 36ms apps\customer\index.ts (1 module)
 WARN  This method is deprecated (as well as all React Native Firebase namespaced API) and will be removed in the next major release as part of move to match Firebase Web modular SDK API. Please see migration guide for more details: https://rnfirebase.io/migrating-to-v22 Please use `getApp()` instead.
 WARN  This method is deprecated (as well as all React Native Firebase namespaced API) and will be removed in the next major release as part of move to match Firebase Web modular SDK API. Please see migration guide for more details: https://rnfirebase.io/migrating-to-v22. Method called was `getIdToken`. Please use `getIdToken()` instead.
 ERROR  expo-notifications: Custom sound 'default' not found in native app. Make sure the sound file (e.g. 'custom_sound.wav') is included in the expo-notifications config plugin sounds array in app config.
 WARN  This method is deprecated (as well as all React Native Firebase namespaced API) and will be removed in the next major release as part of move to match Firebase Web modular SDK API. Please see migration guide for more details: https://rnfirebase.io/migrating-to-v22 Please use `getApp()` instead.
 WARN  This method is deprecated (as well as all React Native Firebase namespaced API) and will be removed in the next major release as part of move to match Firebase Web modular SDK API. Please see migration guide for more details: https://rnfirebase.io/migrating-to-v22. Method called was `getIdToken`. Please use `getIdToken()` instead.
 ERROR  expo-notifications: Custom sound 'default' not found in native app. Make sure the sound file (e.g. 'custom_sound.wav') is included in the expo-notifications config plugin sounds array in app config.
 WARN  This method is deprecated (as well as all React Native Firebase namespaced API) and will be removed in the next major release as part of move to match Firebase Web modular SDK API. Please see migration guide for more details: https://rnfirebase.io/migrating-to-v22 Please use `getApp()` instead.
 WARN  This method is deprecated (as well as all React Native Firebase namespaced API) and will be removed in the next major release as part of move to match Firebase Web modular SDK API. Please see migration guide for more details: https://rnfirebase.io/migrating-to-v22. Method called was `getIdToken`. Please use `getIdToken()` instead.
 ERROR  expo-notifications: Custom sound 'default' not found in native app. Make sure the sound file (e.g. 'custom_sound.wav') is included in the expo-notifications config plugin sounds array in app config.
 WARN  This method is deprecated (as well as all React Native Firebase namespaced API) and will be removed in the next major release as part of move to match Firebase Web modular SDK API. Please see migration guide for more details: https://rnfirebase.io/migrating-to-v22 Please use `getApp()` instead.
 WARN  This method is deprecated (as well as all React Native Firebase namespaced API) and will be removed in the next major release as part of move to match Firebase Web modular SDK API. Please see migration guide for more details: https://rnfirebase.io/migrating-to-v22. Method called was `signOut`. Please use `signOut()` instead.
Android Bundled 45ms apps\customer\index.ts (1 module)
