
> @indiery/partner@1.0.0 start
> expo start --clear --port 8087 --localhost

Starting project at C:\Users\DELL\OneDrive\Desktop\indiery\apps\partner
Expo Autolinking module resolution enabled
Starting Metro Bundler

warning: Bundler cache is empty, rebuilding (this may take a minute)
Waiting on http://localhost:8087
An update for expo is available: 56.0.9 → ~56.0.15
6 other packages may need updating. Run npx expo install --check for details.
Logs for your project will appear below.
Web Bundled 12587ms apps\partner\index.ts (673 modules)
Web  WARN  [expo-notifications] Listening to push token changes is not yet fully supported on web. Adding a listener will have no effect.
Web Bundled 90ms apps\partner\index.ts (1 module)
Web  WARN  [expo-notifications] Listening to push token changes is not yet fully supported on web. Adding a listener will have no effect.
Web Bundled 75ms apps\partner\index.ts (1 module)
Web  INFO  %cDownload the React DevTools for a better development experience: https://react.dev/link/react-devtools font-weight:bold
Web  WARN  [expo-notifications] Listening to push token changes is not yet fully supported on web. Adding a listener will have no effect.
Web Bundled 91ms apps\partner\index.ts (1 module)
Web Bundled 64ms apps\partner\index.ts (1 module)
Web  WARN  [expo-notifications] Listening to push token changes is not yet fully supported on web. Adding a listener will have no effect.
Web Bundled 81ms apps\partner\index.ts (1 module)
Web Bundled 56ms apps\partner\index.ts (1 module)
Web  INFO  %cDownload the React DevTools for a better development experience: https://react.dev/link/react-devtools font-weight:bold
Web  WARN  [expo-notifications] Listening to push token changes is not yet fully supported on web. Adding a listener will have no effect.
